../Src/UART_Program.c:40:6:MUART_voidInit	16	static
../Src/UART_Program.c:257:6:MUART_voidSendCharSync	16	static
../Src/UART_Program.c:285:6:MUART_voidSendStringSynch	24	static
../Src/UART_Program.c:295:4:MUART_u8ReceiveCharSync	24	static
../Src/UART_Program.c:325:6:MUART_voidReceiveStringSynch	32	static
../Src/UART_Program.c:336:6:MUART_voidEnable	16	static
../Src/UART_Program.c:347:6:MUART_voidDisable	16	static
../Src/UART_Program.c:358:6:MUART_voidIntSetStatus	16	static
../Src/UART_Program.c:407:6:MUART_voidSendCharAsync	16	static
../Src/UART_Program.c:433:4:MUART_u8ReceiveCharAsync	24	static
../Src/UART_Program.c:457:6:MUART_voidReceiveStringAsynch	32	static
../Src/UART_Program.c:480:6:MUART_voidSendStringAsynch	16	static
../Src/UART_Program.c:496:6:MUART1_voidSetCallBack	16	static
../Src/UART_Program.c:502:6:USART1_IRQHandler	8	static
../Src/UART_Program.c:512:6:MUART2_voidSetCallBack	16	static
../Src/UART_Program.c:518:6:USART2_IRQHandler	8	static
../Src/UART_Program.c:528:6:MUART3_voidSetCallBack	16	static
../Src/UART_Program.c:534:6:USART3_IRQHandler	8	static
