11:25:37 **** Incremental Build of configuration Debug for project GPIO ****
make -j8 all 
arm-none-eabi-gcc "../Core/Src/STK_program.c" -mcpu=cortex-m0plus -std=gnu11 -g3 -DDEBUG -DUSE_HAL_DRIVER -DSTM32C011xx -c -I../Core/Inc -I../Drivers/STM32C0xx_HAL_Driver/Inc -I../Drivers/STM32C0xx_HAL_Driver/Inc/Legacy -I../Drivers/CMSIS/Device/ST/STM32C0xx/Include -I../Drivers/CMSIS/Include -O0 -ffunction-sections -fdata-sections -Wall -fstack-usage -MMD -MP -MF"Core/Src/STK_program.d" -MT"Core/Src/STK_program.o" --specs=nano.specs -mfloat-abi=soft -mthumb -o "Core/Src/STK_program.o"
../Core/Src/STK_program.c: In function 'STK_u32GetElabsedTime':
../Core/Src/STK_program.c:60:22: warning: assignment to 'u32 *' {aka 'long unsigned int *'} from 'u32' {aka 'volatile long unsigned int'} makes pointer from integer without a cast [-Wint-conversion]
   60 |  Copy_pu32ElapsedTime=LOAD_REG;
      |                      ^
../Core/Src/STK_program.c:61:9: warning: returning 'u32 *' {aka 'long unsigned int *'} from a function with return type 'u32' {aka 'long unsigned int'} makes integer from pointer without a cast [-Wint-conversion]
   61 |  return Copy_pu32ElapsedTime;
      |         ^~~~~~~~~~~~~~~~~~~~
../Core/Src/STK_program.c: In function 'STK_u32GetRemainingTime':
../Core/Src/STK_program.c:65:24: warning: assignment to 'u32 *' {aka 'long unsigned int *'} from 'long unsigned int' makes pointer from integer without a cast [-Wint-conversion]
   65 |  Copy_pu32RemainingTime=VAL_REG-LOAD_REG;
      |                        ^
../Core/Src/STK_program.c:66:9: warning: returning 'u32 *' {aka 'long unsigned int *'} from a function with return type 'u32' {aka 'long unsigned int'} makes integer from pointer without a cast [-Wint-conversion]
   66 |  return Copy_pu32RemainingTime;
      |         ^~~~~~~~~~~~~~~~~~~~~~
../Core/Src/STK_program.c: In function 'SysTick_Handler':
../Core/Src/STK_program.c:70:5: warning: unused variable 'local_readFlag' [-Wunused-variable]
   70 |  u8 local_readFlag=CTRL_REG->COUNTFLAG;
      |     ^~~~~~~~~~~~~~
arm-none-eabi-gcc -o "GPIO.elf" @"objects.list"   -mcpu=cortex-m0plus -T"D:\Personal\Embedded system\NTI\ARM_drivers\GPIO\STM32C011D6YX_FLASH.ld" --specs=nosys.specs -Wl,-Map="GPIO.map" -Wl,--gc-sections -static --specs=nano.specs -mfloat-abi=soft -mthumb -Wl,--start-group -lc -lm -Wl,--end-group
Finished building target: GPIO.elf
 
arm-none-eabi-size   GPIO.elf 
arm-none-eabi-objdump -h -S  GPIO.elf  > "GPIO.list"
   text	   data	    bss	    dec	    hex	filename
   1576	     12	   1572	   3160	    c58	GPIO.elf
Finished building: default.size.stdout
 
Finished building: GPIO.list
 
arm-none-eabi-objcopy -O ihex GPIO.elf GPIO.hex
 
11:25:44 **** Incremental Build of configuration Debug for project GPIO ****
make -j8 all 
arm-none-eabi-gcc "../Core/Src/STK_program.c" -mcpu=cortex-m0plus -std=gnu11 -g3 -DDEBUG -DUSE_HAL_DRIVER -DSTM32C011xx -c -I../Core/Inc -I../Drivers/STM32C0xx_HAL_Driver/Inc -I../Drivers/STM32C0xx_HAL_Driver/Inc/Legacy -I../Drivers/CMSIS/Device/ST/STM32C0xx/Include -I../Drivers/CMSIS/Include -O0 -ffunction-sections -fdata-sections -Wall -fstack-usage -MMD -MP -MF"Core/Src/STK_program.d" -MT"Core/Src/STK_program.o" --specs=nano.specs -mfloat-abi=soft -mthumb -o "Core/Src/STK_program.o"
../Core/Src/STK_program.c: In function 'STK_u32GetElabsedTime':
../Core/Src/STK_program.c:60:22: warning: assignment to 'u32 *' {aka 'long unsigned int *'} from 'u32' {aka 'volatile long unsigned int'} makes pointer from integer without a cast [-Wint-conversion]
   60 |  Copy_pu32ElapsedTime=LOAD_REG;
      |                      ^
../Core/Src/STK_program.c:61:9: warning: returning 'u32 *' {aka 'long unsigned int *'} from a function with return type 'u32' {aka 'long unsigned int'} makes integer from pointer without a cast [-Wint-conversion]
   61 |  return Copy_pu32ElapsedTime;
      |         ^~~~~~~~~~~~~~~~~~~~
../Core/Src/STK_program.c: In function 'STK_u32GetRemainingTime':
../Core/Src/STK_program.c:65:24: warning: assignment to 'u32 *' {aka 'long unsigned int *'} from 'long unsigned int' makes pointer from integer without a cast [-Wint-conversion]
   65 |  Copy_pu32RemainingTime=VAL_REG-LOAD_REG;
      |                        ^
../Core/Src/STK_program.c:66:9: warning: returning 'u32 *' {aka 'long unsigned int *'} from a function with return type 'u32' {aka 'long unsigned int'} makes integer from pointer without a cast [-Wint-conversion]
   66 |  return Copy_pu32RemainingTime;
      |         ^~~~~~~~~~~~~~~~~~~~~~
../Core/Src/STK_program.c: In function 'SysTick_Handler':
../Core/Src/STK_program.c:70:5: warning: unused variable 'local_readFlag' [-Wunused-variable]
   70 |  u8 local_readFlag=CTRL_REG->COUNTFLAG;
      |     ^~~~~~~~~~~~~~
arm-none-eabi-gcc -o "GPIO.elf" @"objects.list"   -mcpu=cortex-m0plus -T"D:\Personal\Embedded system\NTI\ARM_drivers\GPIO\STM32C011D6YX_FLASH.ld" --specs=nosys.specs -Wl,-Map="GPIO.map" -Wl,--gc-sections -static --specs=nano.specs -mfloat-abi=soft -mthumb -Wl,--start-group -lc -lm -Wl,--end-group
Finished building target: GPIO.elf
 
arm-none-eabi-size   GPIO.elf 
arm-none-eabi-objdump -h -S  GPIO.elf  > "GPIO.list"
   text	   data	    bss	    dec	    hex	filename
   1564	     12	   1572	   3148	    c4c	GPIO.elf
Finished building: default.size.stdout
 
Finished building: GPIO.list
 
arm-none-eabi-objcopy -O ihex GPIO.elf GPIO.hex
 
11:46:19 **** Incremental Build of configuration Debug for project GPIO ****
make -j8 all 
arm-none-eabi-gcc "../Core/Src/GPIO_program.c" -mcpu=cortex-m0plus -std=gnu11 -g3 -DDEBUG -DUSE_HAL_DRIVER -DSTM32C011xx -c -I../Core/Inc -I../Drivers/STM32C0xx_HAL_Driver/Inc -I../Drivers/STM32C0xx_HAL_Driver/Inc/Legacy -I../Drivers/CMSIS/Device/ST/STM32C0xx/Include -I../Drivers/CMSIS/Include -O0 -ffunction-sections -fdata-sections -Wall -fstack-usage -MMD -MP -MF"Core/Src/GPIO_program.d" -MT"Core/Src/GPIO_program.o" --specs=nano.specs -mfloat-abi=soft -mthumb -o "Core/Src/GPIO_program.o"
arm-none-eabi-gcc "../Core/Src/NVIC_program.c" -mcpu=cortex-m0plus -std=gnu11 -g3 -DDEBUG -DUSE_HAL_DRIVER -DSTM32C011xx -c -I../Core/Inc -I../Drivers/STM32C0xx_HAL_Driver/Inc -I../Drivers/STM32C0xx_HAL_Driver/Inc/Legacy -I../Drivers/CMSIS/Device/ST/STM32C0xx/Include -I../Drivers/CMSIS/Include -O0 -ffunction-sections -fdata-sections -Wall -fstack-usage -MMD -MP -MF"Core/Src/NVIC_program.d" -MT"Core/Src/NVIC_program.o" --specs=nano.specs -mfloat-abi=soft -mthumb -o "Core/Src/NVIC_program.o"
arm-none-eabi-gcc "../Core/Src/RCC_program.c" -mcpu=cortex-m0plus -std=gnu11 -g3 -DDEBUG -DUSE_HAL_DRIVER -DSTM32C011xx -c -I../Core/Inc -I../Drivers/STM32C0xx_HAL_Driver/Inc -I../Drivers/STM32C0xx_HAL_Driver/Inc/Legacy -I../Drivers/CMSIS/Device/ST/STM32C0xx/Include -I../Drivers/CMSIS/Include -O0 -ffunction-sections -fdata-sections -Wall -fstack-usage -MMD -MP -MF"Core/Src/RCC_program.d" -MT"Core/Src/RCC_program.o" --specs=nano.specs -mfloat-abi=soft -mthumb -o "Core/Src/RCC_program.o"
arm-none-eabi-gcc "../Core/Src/SysTik_program.c" -mcpu=cortex-m0plus -std=gnu11 -g3 -DDEBUG -DUSE_HAL_DRIVER -DSTM32C011xx -c -I../Core/Inc -I../Drivers/STM32C0xx_HAL_Driver/Inc -I../Drivers/STM32C0xx_HAL_Driver/Inc/Legacy -I../Drivers/CMSIS/Device/ST/STM32C0xx/Include -I../Drivers/CMSIS/Include -O0 -ffunction-sections -fdata-sections -Wall -fstack-usage -MMD -MP -MF"Core/Src/SysTik_program.d" -MT"Core/Src/SysTik_program.o" --specs=nano.specs -mfloat-abi=soft -mthumb -o "Core/Src/SysTik_program.o"
arm-none-eabi-gcc "../Core/Src/main.c" -mcpu=cortex-m0plus -std=gnu11 -g3 -DDEBUG -DUSE_HAL_DRIVER -DSTM32C011xx -c -I../Core/Inc -I../Drivers/STM32C0xx_HAL_Driver/Inc -I../Drivers/STM32C0xx_HAL_Driver/Inc/Legacy -I../Drivers/CMSIS/Device/ST/STM32C0xx/Include -I../Drivers/CMSIS/Include -O0 -ffunction-sections -fdata-sections -Wall -fstack-usage -MMD -MP -MF"Core/Src/main.d" -MT"Core/Src/main.o" --specs=nano.specs -mfloat-abi=soft -mthumb -o "Core/Src/main.o"
arm-none-eabi-gcc "../Core/Src/syscalls.c" -mcpu=cortex-m0plus -std=gnu11 -g3 -DDEBUG -DUSE_HAL_DRIVER -DSTM32C011xx -c -I../Core/Inc -I../Drivers/STM32C0xx_HAL_Driver/Inc -I../Drivers/STM32C0xx_HAL_Driver/Inc/Legacy -I../Drivers/CMSIS/Device/ST/STM32C0xx/Include -I../Drivers/CMSIS/Include -O0 -ffunction-sections -fdata-sections -Wall -fstack-usage -MMD -MP -MF"Core/Src/syscalls.d" -MT"Core/Src/syscalls.o" --specs=nano.specs -mfloat-abi=soft -mthumb -o "Core/Src/syscalls.o"
arm-none-eabi-gcc "../Core/Src/sysmem.c" -mcpu=cortex-m0plus -std=gnu11 -g3 -DDEBUG -DUSE_HAL_DRIVER -DSTM32C011xx -c -I../Core/Inc -I../Drivers/STM32C0xx_HAL_Driver/Inc -I../Drivers/STM32C0xx_HAL_Driver/Inc/Legacy -I../Drivers/CMSIS/Device/ST/STM32C0xx/Include -I../Drivers/CMSIS/Include -O0 -ffunction-sections -fdata-sections -Wall -fstack-usage -MMD -MP -MF"Core/Src/sysmem.d" -MT"Core/Src/sysmem.o" --specs=nano.specs -mfloat-abi=soft -mthumb -o "Core/Src/sysmem.o"
arm-none-eabi-gcc "../Core/Src/system_stm32c0xx.c" -mcpu=cortex-m0plus -std=gnu11 -g3 -DDEBUG -DUSE_HAL_DRIVER -DSTM32C011xx -c -I../Core/Inc -I../Drivers/STM32C0xx_HAL_Driver/Inc -I../Drivers/STM32C0xx_HAL_Driver/Inc/Legacy -I../Drivers/CMSIS/Device/ST/STM32C0xx/Include -I../Drivers/CMSIS/Include -O0 -ffunction-sections -fdata-sections -Wall -fstack-usage -MMD -MP -MF"Core/Src/system_stm32c0xx.d" -MT"Core/Src/system_stm32c0xx.o" --specs=nano.specs -mfloat-abi=soft -mthumb -o "Core/Src/system_stm32c0xx.o"
../Core/Src/GPIO_program.c: In function 'GPIO_voidSetPinValue':
../Core/Src/GPIO_program.c:60:4: warning: implicit declaration of function 'CLEAR_BIT'; did you mean 'CLR_BIT'? [-Wimplicit-function-declaration]
   60 |    CLEAR_BIT(GPIOA_ODR,copy_u8PinNum);
      |    ^~~~~~~~~
      |    CLR_BIT
../Core/Src/main.c:11:10: fatal error: STK_interface.h: No such file or directory
   11 | #include "STK_interface.h"
      |          ^~~~~~~~~~~~~~~~~
compilation terminated.
make[1]: *** [Core/Src/subdir.mk:40: Core/Src/main.o] Error 1
make[1]: *** Waiting for unfinished jobs....
make: *** [makefile:58: all] Error 2
"make -j8 all" terminated with exit code 2. Build might be incomplete.
11:46:20 **** Clean-only build of configuration Debug for project SysTik ****
make -j8 clean 
rm -rf ./Startup/startup_stm32f103c8tx.d ./Startup/startup_stm32f103c8tx.o
rm -rf ./Src/SysTik_program.d ./Src/SysTik_program.o ./Src/SysTik_program.su ./Src/main.d ./Src/main.o ./Src/main.su ./Src/syscalls.d ./Src/syscalls.o ./Src/syscalls.su ./Src/sysmem.d ./Src/sysmem.o ./Src/sysmem.su
rm -rf SysTik.elf SysTik.list SysTik.map default.size.stdout
 
11:46:20 **** Build of configuration Debug for project SysTik ****
make -j8 all 
arm-none-eabi-gcc -mcpu=cortex-m3 -g3 -DDEBUG -c -x assembler-with-cpp -MMD -MP -MF"Startup/startup_stm32f103c8tx.d" -MT"Startup/startup_stm32f103c8tx.o" --specs=nano.specs -mfloat-abi=soft -mthumb -o "Startup/startup_stm32f103c8tx.o" "../Startup/startup_stm32f103c8tx.s"
arm-none-eabi-gcc "../Src/main.c" -mcpu=cortex-m3 -std=gnu11 -g3 -DDEBUG -DSTM32 -DSTM32F1 -DSTM32F103C8Tx -c -I../Inc -O0 -ffunction-sections -fdata-sections -Wall -fstack-usage -MMD -MP -MF"Src/main.d" -MT"Src/main.o" --specs=nano.specs -mfloat-abi=soft -mthumb -o "Src/main.o"
arm-none-eabi-gcc "../Src/syscalls.c" -mcpu=cortex-m3 -std=gnu11 -g3 -DDEBUG -DSTM32 -DSTM32F1 -DSTM32F103C8Tx -c -I../Inc -O0 -ffunction-sections -fdata-sections -Wall -fstack-usage -MMD -MP -MF"Src/syscalls.d" -MT"Src/syscalls.o" --specs=nano.specs -mfloat-abi=soft -mthumb -o "Src/syscalls.o"
arm-none-eabi-gcc "../Src/sysmem.c" -mcpu=cortex-m3 -std=gnu11 -g3 -DDEBUG -DSTM32 -DSTM32F1 -DSTM32F103C8Tx -c -I../Inc -O0 -ffunction-sections -fdata-sections -Wall -fstack-usage -MMD -MP -MF"Src/sysmem.d" -MT"Src/sysmem.o" --specs=nano.specs -mfloat-abi=soft -mthumb -o "Src/sysmem.o"
arm-none-eabi-gcc -o "SysTik.elf" @"objects.list"   -mcpu=cortex-m3 -T"C:\Users\shyma\Downloads\SysTik\SysTik\STM32F103C8TX_FLASH.ld" --specs=nosys.specs -Wl,-Map="SysTik.map" -Wl,--gc-sections -static --specs=nano.specs -mfloat-abi=soft -mthumb -Wl,--start-group -lc -lm -Wl,--end-group
Finished building target: SysTik.elf
 
arm-none-eabi-size   SysTik.elf 
arm-none-eabi-objdump -h -S  SysTik.elf  > "SysTik.list"
   text	   data	    bss	    dec	    hex	filename
    556	      8	   1568	   2132	    854	SysTik.elf
Finished building: default.size.stdout
 
Finished building: SysTik.list
 
11:46:51 **** Incremental Build of configuration Debug for project GPIO ****
make -j8 all 
arm-none-eabi-gcc "../Core/Src/main.c" -mcpu=cortex-m0plus -std=gnu11 -g3 -DDEBUG -DUSE_HAL_DRIVER -DSTM32C011xx -c -I../Core/Inc -I../Drivers/STM32C0xx_HAL_Driver/Inc -I../Drivers/STM32C0xx_HAL_Driver/Inc/Legacy -I../Drivers/CMSIS/Device/ST/STM32C0xx/Include -I../Drivers/CMSIS/Include -O0 -ffunction-sections -fdata-sections -Wall -fstack-usage -MMD -MP -MF"Core/Src/main.d" -MT"Core/Src/main.o" --specs=nano.specs -mfloat-abi=soft -mthumb -o "Core/Src/main.o"
../Core/Src/main.c:15:6: warning: return type of 'main' is not 'int' [-Wmain]
   15 | void main(void)
      |      ^~~~
../Core/Src/main.c: In function 'main':
../Core/Src/main.c:25:2: warning: implicit declaration of function 'STK_voidInit' [-Wimplicit-function-declaration]
   25 |  STK_voidInit();
      |  ^~~~~~~~~~~~
../Core/Src/main.c:26:2: warning: implicit declaration of function 'STK_voidSetIntervalSingle' [-Wimplicit-function-declaration]
   26 |  STK_voidSetIntervalSingle(10000,&LED);
      |  ^~~~~~~~~~~~~~~~~~~~~~~~~
arm-none-eabi-gcc -o "GPIO.elf" @"objects.list"   -mcpu=cortex-m0plus -T"D:\Personal\Embedded system\NTI\ARM_drivers\GPIO\STM32C011D6YX_FLASH.ld" --specs=nosys.specs -Wl,-Map="GPIO.map" -Wl,--gc-sections -static --specs=nano.specs -mfloat-abi=soft -mthumb -Wl,--start-group -lc -lm -Wl,--end-group
c:\st\stm32cubeide_1.11.2\stm32cubeide\plugins\com.st.stm32cube.ide.mcu.externaltools.gnu-tools-for-stm32.10.3-2021.10.win32_1.0.100.202210260954\tools\arm-none-eabi\bin\ld.exe: ./Core/Src/GPIO_program.o: in function `GPIO_voidSetPinValue':
D:/Personal/Embedded system/NTI/ARM_drivers/GPIO/Debug/../Core/Src/GPIO_program.c:60: undefined reference to `CLEAR_BIT'
c:\st\stm32cubeide_1.11.2\stm32cubeide\plugins\com.st.stm32cube.ide.mcu.externaltools.gnu-tools-for-stm32.10.3-2021.10.win32_1.0.100.202210260954\tools\arm-none-eabi\bin\ld.exe: D:/Personal/Embedded system/NTI/ARM_drivers/GPIO/Debug/../Core/Src/GPIO_program.c:71: undefined reference to `CLEAR_BIT'
c:\st\stm32cubeide_1.11.2\stm32cubeide\plugins\com.st.stm32cube.ide.mcu.externaltools.gnu-tools-for-stm32.10.3-2021.10.win32_1.0.100.202210260954\tools\arm-none-eabi\bin\ld.exe: D:/Personal/Embedded system/NTI/ARM_drivers/GPIO/Debug/../Core/Src/GPIO_program.c:82: undefined reference to `CLEAR_BIT'
c:\st\stm32cubeide_1.11.2\stm32cubeide\plugins\com.st.stm32cube.ide.mcu.externaltools.gnu-tools-for-stm32.10.3-2021.10.win32_1.0.100.202210260954\tools\arm-none-eabi\bin\ld.exe: ./Core/Src/main.o: in function `main':
D:/Personal/Embedded system/NTI/ARM_drivers/GPIO/Debug/../Core/Src/main.c:25: undefined reference to `STK_voidInit'
c:\st\stm32cubeide_1.11.2\stm32cubeide\plugins\com.st.stm32cube.ide.mcu.externaltools.gnu-tools-for-stm32.10.3-2021.10.win32_1.0.100.202210260954\tools\arm-none-eabi\bin\ld.exe: D:/Personal/Embedded system/NTI/ARM_drivers/GPIO/Debug/../Core/Src/main.c:26: undefined reference to `STK_voidSetIntervalSingle'
collect2.exe: error: ld returned 1 exit status
make[1]: *** [makefile:65: GPIO.elf] Error 1
make: *** [makefile:58: all] Error 2
"make -j8 all" terminated with exit code 2. Build might be incomplete.
11:46:52 **** Incremental Build of configuration Debug for project SysTik ****
make -j8 all 
arm-none-eabi-size   SysTik.elf 
   text	   data	    bss	    dec	    hex	filename
    556	      8	   1568	   2132	    854	SysTik.elf
Finished building: default.size.stdout
 
11:48:25 **** Incremental Build of configuration Debug for project GPIO ****
make -j8 all 
arm-none-eabi-gcc "../Core/Src/main.c" -mcpu=cortex-m0plus -std=gnu11 -g3 -DDEBUG -DUSE_HAL_DRIVER -DSTM32C011xx -c -I../Core/Inc -I../Drivers/STM32C0xx_HAL_Driver/Inc -I../Drivers/STM32C0xx_HAL_Driver/Inc/Legacy -I../Drivers/CMSIS/Device/ST/STM32C0xx/Include -I../Drivers/CMSIS/Include -O0 -ffunction-sections -fdata-sections -Wall -fstack-usage -MMD -MP -MF"Core/Src/main.d" -MT"Core/Src/main.o" --specs=nano.specs -mfloat-abi=soft -mthumb -o "Core/Src/main.o"
../Core/Src/main.c:15:6: warning: return type of 'main' is not 'int' [-Wmain]
   15 | void main(void)
      |      ^~~~
arm-none-eabi-gcc -o "GPIO.elf" @"objects.list"   -mcpu=cortex-m0plus -T"D:\Personal\Embedded system\NTI\ARM_drivers\GPIO\STM32C011D6YX_FLASH.ld" --specs=nosys.specs -Wl,-Map="GPIO.map" -Wl,--gc-sections -static --specs=nano.specs -mfloat-abi=soft -mthumb -Wl,--start-group -lc -lm -Wl,--end-group
c:\st\stm32cubeide_1.11.2\stm32cubeide\plugins\com.st.stm32cube.ide.mcu.externaltools.gnu-tools-for-stm32.10.3-2021.10.win32_1.0.100.202210260954\tools\arm-none-eabi\bin\ld.exe: ./Core/Src/GPIO_program.o: in function `GPIO_voidSetPinValue':
D:/Personal/Embedded system/NTI/ARM_drivers/GPIO/Debug/../Core/Src/GPIO_program.c:60: undefined reference to `CLEAR_BIT'
c:\st\stm32cubeide_1.11.2\stm32cubeide\plugins\com.st.stm32cube.ide.mcu.externaltools.gnu-tools-for-stm32.10.3-2021.10.win32_1.0.100.202210260954\tools\arm-none-eabi\bin\ld.exe: D:/Personal/Embedded system/NTI/ARM_drivers/GPIO/Debug/../Core/Src/GPIO_program.c:71: undefined reference to `CLEAR_BIT'
c:\st\stm32cubeide_1.11.2\stm32cubeide\plugins\com.st.stm32cube.ide.mcu.externaltools.gnu-tools-for-stm32.10.3-2021.10.win32_1.0.100.202210260954\tools\arm-none-eabi\bin\ld.exe: D:/Personal/Embedded system/NTI/ARM_drivers/GPIO/Debug/../Core/Src/GPIO_program.c:82: undefined reference to `CLEAR_BIT'
collect2.exe: error: ld returned 1 exit status
make[1]: *** [makefile:65: GPIO.elf] Error 1
make: *** [makefile:58: all] Error 2
"make -j8 all" terminated with exit code 2. Build might be incomplete.
11:48:25 **** Incremental Build of configuration Debug for project SysTik ****
make -j8 all 
arm-none-eabi-size   SysTik.elf 
   text	   data	    bss	    dec	    hex	filename
    556	      8	   1568	   2132	    854	SysTik.elf
Finished building: default.size.stdout
 
11:48:30 **** Incremental Build of configuration Debug for project GPIO ****
make -j8 all 
arm-none-eabi-gcc -o "GPIO.elf" @"objects.list"   -mcpu=cortex-m0plus -T"D:\Personal\Embedded system\NTI\ARM_drivers\GPIO\STM32C011D6YX_FLASH.ld" --specs=nosys.specs -Wl,-Map="GPIO.map" -Wl,--gc-sections -static --specs=nano.specs -mfloat-abi=soft -mthumb -Wl,--start-group -lc -lm -Wl,--end-group
c:\st\stm32cubeide_1.11.2\stm32cubeide\plugins\com.st.stm32cube.ide.mcu.externaltools.gnu-tools-for-stm32.10.3-2021.10.win32_1.0.100.202210260954\tools\arm-none-eabi\bin\ld.exe: ./Core/Src/GPIO_program.o: in function `GPIO_voidSetPinValue':
D:/Personal/Embedded system/NTI/ARM_drivers/GPIO/Debug/../Core/Src/GPIO_program.c:60: undefined reference to `CLEAR_BIT'
c:\st\stm32cubeide_1.11.2\stm32cubeide\plugins\com.st.stm32cube.ide.mcu.externaltools.gnu-tools-for-stm32.10.3-2021.10.win32_1.0.100.202210260954\tools\arm-none-eabi\bin\ld.exe: D:/Personal/Embedded system/NTI/ARM_drivers/GPIO/Debug/../Core/Src/GPIO_program.c:71: undefined reference to `CLEAR_BIT'
c:\st\stm32cubeide_1.11.2\stm32cubeide\plugins\com.st.stm32cube.ide.mcu.externaltools.gnu-tools-for-stm32.10.3-2021.10.win32_1.0.100.202210260954\tools\arm-none-eabi\bin\ld.exe: D:/Personal/Embedded system/NTI/ARM_drivers/GPIO/Debug/../Core/Src/GPIO_program.c:82: undefined reference to `CLEAR_BIT'
collect2.exe: error: ld returned 1 exit status
make[1]: *** [makefile:65: GPIO.elf] Error 1
make: *** [makefile:58: all] Error 2
"make -j8 all" terminated with exit code 2. Build might be incomplete.
11:48:31 **** Incremental Build of configuration Debug for project SysTik ****
make -j8 all 
arm-none-eabi-size   SysTik.elf 
   text	   data	    bss	    dec	    hex	filename
    556	      8	   1568	   2132	    854	SysTik.elf
Finished building: default.size.stdout
 
11:50:26 **** Incremental Build of configuration Debug for project GPIO ****
make -j8 all 
arm-none-eabi-gcc "../Core/Src/GPIO_program.c" -mcpu=cortex-m0plus -std=gnu11 -g3 -DDEBUG -DUSE_HAL_DRIVER -DSTM32C011xx -c -I../Core/Inc -I../Drivers/STM32C0xx_HAL_Driver/Inc -I../Drivers/STM32C0xx_HAL_Driver/Inc/Legacy -I../Drivers/CMSIS/Device/ST/STM32C0xx/Include -I../Drivers/CMSIS/Include -O0 -ffunction-sections -fdata-sections -Wall -fstack-usage -MMD -MP -MF"Core/Src/GPIO_program.d" -MT"Core/Src/GPIO_program.o" --specs=nano.specs -mfloat-abi=soft -mthumb -o "Core/Src/GPIO_program.o"
arm-none-eabi-gcc -o "GPIO.elf" @"objects.list"   -mcpu=cortex-m0plus -T"D:\Personal\Embedded system\NTI\ARM_drivers\GPIO\STM32C011D6YX_FLASH.ld" --specs=nosys.specs -Wl,-Map="GPIO.map" -Wl,--gc-sections -static --specs=nano.specs -mfloat-abi=soft -mthumb -Wl,--start-group -lc -lm -Wl,--end-group
Finished building target: GPIO.elf
 
arm-none-eabi-size   GPIO.elf 
arm-none-eabi-objdump -h -S  GPIO.elf  > "GPIO.list"
   text	   data	    bss	    dec	    hex	filename
   1524	      8	   1576	   3108	    c24	GPIO.elf
Finished building: default.size.stdout
 
Finished building: GPIO.list
 
arm-none-eabi-objcopy -O ihex GPIO.elf GPIO.hex
 
11:50:27 **** Incremental Build of configuration Debug for project SysTik ****
make -j8 all 
arm-none-eabi-size   SysTik.elf 
   text	   data	    bss	    dec	    hex	filename
    556	      8	   1568	   2132	    854	SysTik.elf
Finished building: default.size.stdout
 
11:50:31 **** Incremental Build of configuration Debug for project GPIO ****
make -j8 all 
arm-none-eabi-size   GPIO.elf 
   text	   data	    bss	    dec	    hex	filename
   1524	      8	   1576	   3108	    c24	GPIO.elf
Finished building: default.size.stdout
 
arm-none-eabi-objcopy -O ihex GPIO.elf GPIO.hex
 
11:50:32 **** Incremental Build of configuration Debug for project SysTik ****
make -j8 all 
arm-none-eabi-size   SysTik.elf 
   text	   data	    bss	    dec	    hex	filename
    556	      8	   1568	   2132	    854	SysTik.elf
Finished building: default.size.stdout
 
11:51:20 **** Incremental Build of configuration Debug for project GPIO ****
make -j8 all 
arm-none-eabi-gcc "../Core/Src/main.c" -mcpu=cortex-m0plus -std=gnu11 -g3 -DDEBUG -DUSE_HAL_DRIVER -DSTM32C011xx -c -I../Core/Inc -I../Drivers/STM32C0xx_HAL_Driver/Inc -I../Drivers/STM32C0xx_HAL_Driver/Inc/Legacy -I../Drivers/CMSIS/Device/ST/STM32C0xx/Include -I../Drivers/CMSIS/Include -O0 -ffunction-sections -fdata-sections -Wall -fstack-usage -MMD -MP -MF"Core/Src/main.d" -MT"Core/Src/main.o" --specs=nano.specs -mfloat-abi=soft -mthumb -o "Core/Src/main.o"
../Core/Src/main.c:15:6: warning: return type of 'main' is not 'int' [-Wmain]
   15 | void main(void)
      |      ^~~~
arm-none-eabi-gcc -o "GPIO.elf" @"objects.list"   -mcpu=cortex-m0plus -T"D:\Personal\Embedded system\NTI\ARM_drivers\GPIO\STM32C011D6YX_FLASH.ld" --specs=nosys.specs -Wl,-Map="GPIO.map" -Wl,--gc-sections -static --specs=nano.specs -mfloat-abi=soft -mthumb -Wl,--start-group -lc -lm -Wl,--end-group
Finished building target: GPIO.elf
 
arm-none-eabi-size   GPIO.elf 
arm-none-eabi-objdump -h -S  GPIO.elf  > "GPIO.list"
   text	   data	    bss	    dec	    hex	filename
   1552	      8	   1576	   3136	    c40	GPIO.elf
Finished building: default.size.stdout
 
Finished building: GPIO.list
 
arm-none-eabi-objcopy -O ihex GPIO.elf GPIO.hex
 
11:51:21 **** Incremental Build of configuration Debug for project SysTik ****
make -j8 all 
arm-none-eabi-size   SysTik.elf 
   text	   data	    bss	    dec	    hex	filename
    556	      8	   1568	   2132	    854	SysTik.elf
Finished building: default.size.stdout
 
11:51:26 **** Incremental Build of configuration Debug for project GPIO ****
make -j8 all 
arm-none-eabi-gcc "../Core/Src/main.c" -mcpu=cortex-m0plus -std=gnu11 -g3 -DDEBUG -DUSE_HAL_DRIVER -DSTM32C011xx -c -I../Core/Inc -I../Drivers/STM32C0xx_HAL_Driver/Inc -I../Drivers/STM32C0xx_HAL_Driver/Inc/Legacy -I../Drivers/CMSIS/Device/ST/STM32C0xx/Include -I../Drivers/CMSIS/Include -O0 -ffunction-sections -fdata-sections -Wall -fstack-usage -MMD -MP -MF"Core/Src/main.d" -MT"Core/Src/main.o" --specs=nano.specs -mfloat-abi=soft -mthumb -o "Core/Src/main.o"
../Core/Src/main.c:15:6: warning: return type of 'main' is not 'int' [-Wmain]
   15 | void main(void)
      |      ^~~~
arm-none-eabi-gcc -o "GPIO.elf" @"objects.list"   -mcpu=cortex-m0plus -T"D:\Personal\Embedded system\NTI\ARM_drivers\GPIO\STM32C011D6YX_FLASH.ld" --specs=nosys.specs -Wl,-Map="GPIO.map" -Wl,--gc-sections -static --specs=nano.specs -mfloat-abi=soft -mthumb -Wl,--start-group -lc -lm -Wl,--end-group
Finished building target: GPIO.elf
 
arm-none-eabi-size   GPIO.elf 
arm-none-eabi-objdump -h -S  GPIO.elf  > "GPIO.list"
   text	   data	    bss	    dec	    hex	filename
   1552	      8	   1576	   3136	    c40	GPIO.elf
Finished building: default.size.stdout
 
Finished building: GPIO.list
 
arm-none-eabi-objcopy -O ihex GPIO.elf GPIO.hex
 
11:51:26 **** Incremental Build of configuration Debug for project SysTik ****
make -j8 all 
arm-none-eabi-size   SysTik.elf 
   text	   data	    bss	    dec	    hex	filename
    556	      8	   1568	   2132	    854	SysTik.elf
Finished building: default.size.stdout
 
11:51:45 **** Incremental Build of configuration Debug for project GPIO ****
make -j8 all 
arm-none-eabi-gcc "../Core/Src/main.c" -mcpu=cortex-m0plus -std=gnu11 -g3 -DDEBUG -DUSE_HAL_DRIVER -DSTM32C011xx -c -I../Core/Inc -I../Drivers/STM32C0xx_HAL_Driver/Inc -I../Drivers/STM32C0xx_HAL_Driver/Inc/Legacy -I../Drivers/CMSIS/Device/ST/STM32C0xx/Include -I../Drivers/CMSIS/Include -O0 -ffunction-sections -fdata-sections -Wall -fstack-usage -MMD -MP -MF"Core/Src/main.d" -MT"Core/Src/main.o" --specs=nano.specs -mfloat-abi=soft -mthumb -o "Core/Src/main.o"
../Core/Src/main.c:15:6: warning: return type of 'main' is not 'int' [-Wmain]
   15 | void main(void)
      |      ^~~~
arm-none-eabi-gcc -o "GPIO.elf" @"objects.list"   -mcpu=cortex-m0plus -T"D:\Personal\Embedded system\NTI\ARM_drivers\GPIO\STM32C011D6YX_FLASH.ld" --specs=nosys.specs -Wl,-Map="GPIO.map" -Wl,--gc-sections -static --specs=nano.specs -mfloat-abi=soft -mthumb -Wl,--start-group -lc -lm -Wl,--end-group
Finished building target: GPIO.elf
 
arm-none-eabi-size   GPIO.elf 
arm-none-eabi-objdump -h -S  GPIO.elf  > "GPIO.list"
   text	   data	    bss	    dec	    hex	filename
   1552	      8	   1576	   3136	    c40	GPIO.elf
Finished building: default.size.stdout
 
Finished building: GPIO.list
 
arm-none-eabi-objcopy -O ihex GPIO.elf GPIO.hex
 
11:51:46 **** Incremental Build of configuration Debug for project SysTik ****
make -j8 all 
arm-none-eabi-size   SysTik.elf 
   text	   data	    bss	    dec	    hex	filename
    556	      8	   1568	   2132	    854	SysTik.elf
Finished building: default.size.stdout
 
11:51:56 **** Incremental Build of configuration Debug for project GPIO ****
make -j8 all 
arm-none-eabi-size   GPIO.elf 
   text	   data	    bss	    dec	    hex	filename
   1552	      8	   1576	   3136	    c40	GPIO.elf
Finished building: default.size.stdout
 
arm-none-eabi-objcopy -O ihex GPIO.elf GPIO.hex
 
11:51:57 **** Incremental Build of configuration Debug for project SysTik ****
make -j8 all 
arm-none-eabi-size   SysTik.elf 
   text	   data	    bss	    dec	    hex	filename
    556	      8	   1568	   2132	    854	SysTik.elf
Finished building: default.size.stdout
 
11:52:04 **** Incremental Build of configuration Debug for project GPIO ****
make -j8 all 
arm-none-eabi-gcc "../Core/Src/main.c" -mcpu=cortex-m0plus -std=gnu11 -g3 -DDEBUG -DUSE_HAL_DRIVER -DSTM32C011xx -c -I../Core/Inc -I../Drivers/STM32C0xx_HAL_Driver/Inc -I../Drivers/STM32C0xx_HAL_Driver/Inc/Legacy -I../Drivers/CMSIS/Device/ST/STM32C0xx/Include -I../Drivers/CMSIS/Include -O0 -ffunction-sections -fdata-sections -Wall -fstack-usage -MMD -MP -MF"Core/Src/main.d" -MT"Core/Src/main.o" --specs=nano.specs -mfloat-abi=soft -mthumb -o "Core/Src/main.o"
../Core/Src/main.c:15:6: warning: return type of 'main' is not 'int' [-Wmain]
   15 | void main(void)
      |      ^~~~
arm-none-eabi-gcc -o "GPIO.elf" @"objects.list"   -mcpu=cortex-m0plus -T"D:\Personal\Embedded system\NTI\ARM_drivers\GPIO\STM32C011D6YX_FLASH.ld" --specs=nosys.specs -Wl,-Map="GPIO.map" -Wl,--gc-sections -static --specs=nano.specs -mfloat-abi=soft -mthumb -Wl,--start-group -lc -lm -Wl,--end-group
Finished building target: GPIO.elf
 
arm-none-eabi-size   GPIO.elf 
arm-none-eabi-objdump -h -S  GPIO.elf  > "GPIO.list"
   text	   data	    bss	    dec	    hex	filename
   1552	      8	   1576	   3136	    c40	GPIO.elf
Finished building: default.size.stdout
 
Finished building: GPIO.list
 
arm-none-eabi-objcopy -O ihex GPIO.elf GPIO.hex
 
11:52:05 **** Incremental Build of configuration Debug for project SysTik ****
make -j8 all 
arm-none-eabi-size   SysTik.elf 
   text	   data	    bss	    dec	    hex	filename
    556	      8	   1568	   2132	    854	SysTik.elf
Finished building: default.size.stdout
 
11:53:29 **** Incremental Build of configuration Debug for project GPIO ****
make -j8 all 
arm-none-eabi-gcc "../Core/Src/main.c" -mcpu=cortex-m0plus -std=gnu11 -g3 -DDEBUG -DUSE_HAL_DRIVER -DSTM32C011xx -c -I../Core/Inc -I../Drivers/STM32C0xx_HAL_Driver/Inc -I../Drivers/STM32C0xx_HAL_Driver/Inc/Legacy -I../Drivers/CMSIS/Device/ST/STM32C0xx/Include -I../Drivers/CMSIS/Include -O0 -ffunction-sections -fdata-sections -Wall -fstack-usage -MMD -MP -MF"Core/Src/main.d" -MT"Core/Src/main.o" --specs=nano.specs -mfloat-abi=soft -mthumb -o "Core/Src/main.o"
../Core/Src/main.c:15:6: warning: return type of 'main' is not 'int' [-Wmain]
   15 | void main(void)
      |      ^~~~
../Core/Src/main.c: In function 'main':
../Core/Src/main.c:26:14: error: 'AHB_8' undeclared (first use in this function)
   26 |  SysTik_init(AHB_8);
      |              ^~~~~
../Core/Src/main.c:26:14: note: each undeclared identifier is reported only once for each function it appears in
make[1]: *** [Core/Src/subdir.mk:40: Core/Src/main.o] Error 1
make: *** [makefile:58: all] Error 2
"make -j8 all" terminated with exit code 2. Build might be incomplete.
11:53:29 **** Incremental Build of configuration Debug for project SysTik ****
make -j8 all 
arm-none-eabi-size   SysTik.elf 
   text	   data	    bss	    dec	    hex	filename
    556	      8	   1568	   2132	    854	SysTik.elf
Finished building: default.size.stdout
 
11:53:33 **** Incremental Build of configuration Debug for project GPIO ****
make -j8 all 
arm-none-eabi-gcc "../Core/Src/main.c" -mcpu=cortex-m0plus -std=gnu11 -g3 -DDEBUG -DUSE_HAL_DRIVER -DSTM32C011xx -c -I../Core/Inc -I../Drivers/STM32C0xx_HAL_Driver/Inc -I../Drivers/STM32C0xx_HAL_Driver/Inc/Legacy -I../Drivers/CMSIS/Device/ST/STM32C0xx/Include -I../Drivers/CMSIS/Include -O0 -ffunction-sections -fdata-sections -Wall -fstack-usage -MMD -MP -MF"Core/Src/main.d" -MT"Core/Src/main.o" --specs=nano.specs -mfloat-abi=soft -mthumb -o "Core/Src/main.o"
../Core/Src/main.c:15:6: warning: return type of 'main' is not 'int' [-Wmain]
   15 | void main(void)
      |      ^~~~
arm-none-eabi-gcc -o "GPIO.elf" @"objects.list"   -mcpu=cortex-m0plus -T"D:\Personal\Embedded system\NTI\ARM_drivers\GPIO\STM32C011D6YX_FLASH.ld" --specs=nosys.specs -Wl,-Map="GPIO.map" -Wl,--gc-sections -static --specs=nano.specs -mfloat-abi=soft -mthumb -Wl,--start-group -lc -lm -Wl,--end-group
Finished building target: GPIO.elf
 
arm-none-eabi-size   GPIO.elf 
arm-none-eabi-objdump -h -S  GPIO.elf  > "GPIO.list"
   text	   data	    bss	    dec	    hex	filename
   1552	      8	   1576	   3136	    c40	GPIO.elf
Finished building: default.size.stdout
 
Finished building: GPIO.list
 
arm-none-eabi-objcopy -O ihex GPIO.elf GPIO.hex
 
11:53:34 **** Incremental Build of configuration Debug for project SysTik ****
make -j8 all 
arm-none-eabi-size   SysTik.elf 
   text	   data	    bss	    dec	    hex	filename
    556	      8	   1568	   2132	    854	SysTik.elf
Finished building: default.size.stdout
 
11:53:38 **** Incremental Build of configuration Debug for project GPIO ****
make -j8 all 
arm-none-eabi-size   GPIO.elf 
   text	   data	    bss	    dec	    hex	filename
   1552	      8	   1576	   3136	    c40	GPIO.elf
Finished building: default.size.stdout
 
arm-none-eabi-objcopy -O ihex GPIO.elf GPIO.hex
 
11:53:38 **** Incremental Build of configuration Debug for project SysTik ****
make -j8 all 
arm-none-eabi-size   SysTik.elf 
   text	   data	    bss	    dec	    hex	filename
    556	      8	   1568	   2132	    854	SysTik.elf
Finished building: default.size.stdout
 
11:54:05 **** Incremental Build of configuration Debug for project GPIO ****
make -j8 all 
arm-none-eabi-gcc "../Core/Src/main.c" -mcpu=cortex-m0plus -std=gnu11 -g3 -DDEBUG -DUSE_HAL_DRIVER -DSTM32C011xx -c -I../Core/Inc -I../Drivers/STM32C0xx_HAL_Driver/Inc -I../Drivers/STM32C0xx_HAL_Driver/Inc/Legacy -I../Drivers/CMSIS/Device/ST/STM32C0xx/Include -I../Drivers/CMSIS/Include -O0 -ffunction-sections -fdata-sections -Wall -fstack-usage -MMD -MP -MF"Core/Src/main.d" -MT"Core/Src/main.o" --specs=nano.specs -mfloat-abi=soft -mthumb -o "Core/Src/main.o"
../Core/Src/main.c:15:6: warning: return type of 'main' is not 'int' [-Wmain]
   15 | void main(void)
      |      ^~~~
arm-none-eabi-gcc -o "GPIO.elf" @"objects.list"   -mcpu=cortex-m0plus -T"D:\Personal\Embedded system\NTI\ARM_drivers\GPIO\STM32C011D6YX_FLASH.ld" --specs=nosys.specs -Wl,-Map="GPIO.map" -Wl,--gc-sections -static --specs=nano.specs -mfloat-abi=soft -mthumb -Wl,--start-group -lc -lm -Wl,--end-group
Finished building target: GPIO.elf
 
arm-none-eabi-size   GPIO.elf 
arm-none-eabi-objdump -h -S  GPIO.elf  > "GPIO.list"
   text	   data	    bss	    dec	    hex	filename
   1556	      8	   1576	   3140	    c44	GPIO.elf
Finished building: default.size.stdout
 
Finished building: GPIO.list
 
arm-none-eabi-objcopy -O ihex GPIO.elf GPIO.hex
 
11:54:05 **** Incremental Build of configuration Debug for project SysTik ****
make -j8 all 
arm-none-eabi-size   SysTik.elf 
   text	   data	    bss	    dec	    hex	filename
    556	      8	   1568	   2132	    854	SysTik.elf
Finished building: default.size.stdout
 
11:55:19 **** Incremental Build of configuration Debug for project GPIO ****
make -j8 all 
arm-none-eabi-gcc "../Core/Src/SysTik_program.c" -mcpu=cortex-m0plus -std=gnu11 -g3 -DDEBUG -DUSE_HAL_DRIVER -DSTM32C011xx -c -I../Core/Inc -I../Drivers/STM32C0xx_HAL_Driver/Inc -I../Drivers/STM32C0xx_HAL_Driver/Inc/Legacy -I../Drivers/CMSIS/Device/ST/STM32C0xx/Include -I../Drivers/CMSIS/Include -O0 -ffunction-sections -fdata-sections -Wall -fstack-usage -MMD -MP -MF"Core/Src/SysTik_program.d" -MT"Core/Src/SysTik_program.o" --specs=nano.specs -mfloat-abi=soft -mthumb -o "Core/Src/SysTik_program.o"
arm-none-eabi-gcc -o "GPIO.elf" @"objects.list"   -mcpu=cortex-m0plus -T"D:\Personal\Embedded system\NTI\ARM_drivers\GPIO\STM32C011D6YX_FLASH.ld" --specs=nosys.specs -Wl,-Map="GPIO.map" -Wl,--gc-sections -static --specs=nano.specs -mfloat-abi=soft -mthumb -Wl,--start-group -lc -lm -Wl,--end-group
Finished building target: GPIO.elf
 
arm-none-eabi-size   GPIO.elf 
arm-none-eabi-objdump -h -S  GPIO.elf  > "GPIO.list"
   text	   data	    bss	    dec	    hex	filename
   1536	      8	   1576	   3120	    c30	GPIO.elf
Finished building: default.size.stdout
 
Finished building: GPIO.list
 
arm-none-eabi-objcopy -O ihex GPIO.elf GPIO.hex
 
11:55:20 **** Incremental Build of configuration Debug for project SysTik ****
make -j8 all 
arm-none-eabi-size   SysTik.elf 
   text	   data	    bss	    dec	    hex	filename
    556	      8	   1568	   2132	    854	SysTik.elf
Finished building: default.size.stdout
 
11:55:38 **** Incremental Build of configuration Debug for project GPIO ****
make -j8 all 
arm-none-eabi-gcc "../Core/Src/SysTik_program.c" -mcpu=cortex-m0plus -std=gnu11 -g3 -DDEBUG -DUSE_HAL_DRIVER -DSTM32C011xx -c -I../Core/Inc -I../Drivers/STM32C0xx_HAL_Driver/Inc -I../Drivers/STM32C0xx_HAL_Driver/Inc/Legacy -I../Drivers/CMSIS/Device/ST/STM32C0xx/Include -I../Drivers/CMSIS/Include -O0 -ffunction-sections -fdata-sections -Wall -fstack-usage -MMD -MP -MF"Core/Src/SysTik_program.d" -MT"Core/Src/SysTik_program.o" --specs=nano.specs -mfloat-abi=soft -mthumb -o "Core/Src/SysTik_program.o"
arm-none-eabi-gcc -o "GPIO.elf" @"objects.list"   -mcpu=cortex-m0plus -T"D:\Personal\Embedded system\NTI\ARM_drivers\GPIO\STM32C011D6YX_FLASH.ld" --specs=nosys.specs -Wl,-Map="GPIO.map" -Wl,--gc-sections -static --specs=nano.specs -mfloat-abi=soft -mthumb -Wl,--start-group -lc -lm -Wl,--end-group
Finished building target: GPIO.elf
 
arm-none-eabi-size   GPIO.elf 
arm-none-eabi-objdump -h -S  GPIO.elf  > "GPIO.list"
   text	   data	    bss	    dec	    hex	filename
   1556	      8	   1576	   3140	    c44	GPIO.elf
Finished building: default.size.stdout
 
Finished building: GPIO.list
 
arm-none-eabi-objcopy -O ihex GPIO.elf GPIO.hex
 
11:55:39 **** Incremental Build of configuration Debug for project SysTik ****
make -j8 all 
arm-none-eabi-size   SysTik.elf 
   text	   data	    bss	    dec	    hex	filename
    556	      8	   1568	   2132	    854	SysTik.elf
Finished building: default.size.stdout
 
12:12:47 **** Incremental Build of configuration Debug for project GPIO ****
make -j8 all 
arm-none-eabi-gcc "../Core/Src/SysTik_program.c" -mcpu=cortex-m0plus -std=gnu11 -g3 -DDEBUG -DUSE_HAL_DRIVER -DSTM32C011xx -c -I../Core/Inc -I../Drivers/STM32C0xx_HAL_Driver/Inc -I../Drivers/STM32C0xx_HAL_Driver/Inc/Legacy -I../Drivers/CMSIS/Device/ST/STM32C0xx/Include -I../Drivers/CMSIS/Include -O0 -ffunction-sections -fdata-sections -Wall -fstack-usage -MMD -MP -MF"Core/Src/SysTik_program.d" -MT"Core/Src/SysTik_program.o" --specs=nano.specs -mfloat-abi=soft -mthumb -o "Core/Src/SysTik_program.o"
arm-none-eabi-gcc -o "GPIO.elf" @"objects.list"   -mcpu=cortex-m0plus -T"D:\Personal\Embedded system\NTI\ARM_drivers\GPIO\STM32C011D6YX_FLASH.ld" --specs=nosys.specs -Wl,-Map="GPIO.map" -Wl,--gc-sections -static --specs=nano.specs -mfloat-abi=soft -mthumb -Wl,--start-group -lc -lm -Wl,--end-group
Finished building target: GPIO.elf
 
arm-none-eabi-size   GPIO.elf 
arm-none-eabi-objdump -h -S  GPIO.elf  > "GPIO.list"
   text	   data	    bss	    dec	    hex	filename
   1560	      8	   1576	   3144	    c48	GPIO.elf
Finished building: default.size.stdout
 
Finished building: GPIO.list
 
arm-none-eabi-objcopy -O ihex GPIO.elf GPIO.hex
 
12:12:49 **** Incremental Build of configuration Debug for project SysTik ****
make -j8 all 
arm-none-eabi-size   SysTik.elf 
   text	   data	    bss	    dec	    hex	filename
    556	      8	   1568	   2132	    854	SysTik.elf
Finished building: default.size.stdout
 
12:12:57 **** Incremental Build of configuration Debug for project GPIO ****
make -j8 all 
arm-none-eabi-size   GPIO.elf 
   text	   data	    bss	    dec	    hex	filename
   1560	      8	   1576	   3144	    c48	GPIO.elf
Finished building: default.size.stdout
 
arm-none-eabi-objcopy -O ihex GPIO.elf GPIO.hex
 
12:12:58 **** Incremental Build of configuration Debug for project SysTik ****
make -j8 all 
arm-none-eabi-size   SysTik.elf 
   text	   data	    bss	    dec	    hex	filename
    556	      8	   1568	   2132	    854	SysTik.elf
Finished building: default.size.stdout
 
12:13:20 **** Incremental Build of configuration Debug for project GPIO ****
make -j8 all 
arm-none-eabi-size   GPIO.elf 
   text	   data	    bss	    dec	    hex	filename
   1560	      8	   1576	   3144	    c48	GPIO.elf
Finished building: default.size.stdout
 
arm-none-eabi-objcopy -O ihex GPIO.elf GPIO.hex
 
12:13:20 **** Incremental Build of configuration Debug for project SysTik ****
make -j8 all 
arm-none-eabi-size   SysTik.elf 
   text	   data	    bss	    dec	    hex	filename
    556	      8	   1568	   2132	    854	SysTik.elf
Finished building: default.size.stdout
 
12:13:53 **** Incremental Build of configuration Debug for project GPIO ****
make -j8 all 
arm-none-eabi-gcc "../Core/Src/SysTik_program.c" -mcpu=cortex-m0plus -std=gnu11 -g3 -DDEBUG -DUSE_HAL_DRIVER -DSTM32C011xx -c -I../Core/Inc -I../Drivers/STM32C0xx_HAL_Driver/Inc -I../Drivers/STM32C0xx_HAL_Driver/Inc/Legacy -I../Drivers/CMSIS/Device/ST/STM32C0xx/Include -I../Drivers/CMSIS/Include -O0 -ffunction-sections -fdata-sections -Wall -fstack-usage -MMD -MP -MF"Core/Src/SysTik_program.d" -MT"Core/Src/SysTik_program.o" --specs=nano.specs -mfloat-abi=soft -mthumb -o "Core/Src/SysTik_program.o"
arm-none-eabi-gcc -o "GPIO.elf" @"objects.list"   -mcpu=cortex-m0plus -T"D:\Personal\Embedded system\NTI\ARM_drivers\GPIO\STM32C011D6YX_FLASH.ld" --specs=nosys.specs -Wl,-Map="GPIO.map" -Wl,--gc-sections -static --specs=nano.specs -mfloat-abi=soft -mthumb -Wl,--start-group -lc -lm -Wl,--end-group
Finished building target: GPIO.elf
 
arm-none-eabi-size   GPIO.elf 
arm-none-eabi-objdump -h -S  GPIO.elf  > "GPIO.list"
   text	   data	    bss	    dec	    hex	filename
   1536	      8	   1576	   3120	    c30	GPIO.elf
Finished building: default.size.stdout
 
Finished building: GPIO.list
 
arm-none-eabi-objcopy -O ihex GPIO.elf GPIO.hex
 
12:13:53 **** Incremental Build of configuration Debug for project SysTik ****
make -j8 all 
arm-none-eabi-size   SysTik.elf 
   text	   data	    bss	    dec	    hex	filename
    556	      8	   1568	   2132	    854	SysTik.elf
Finished building: default.size.stdout
 
12:14:11 **** Incremental Build of configuration Debug for project GPIO ****
make -j8 all 
arm-none-eabi-gcc "../Core/Src/SysTik_program.c" -mcpu=cortex-m0plus -std=gnu11 -g3 -DDEBUG -DUSE_HAL_DRIVER -DSTM32C011xx -c -I../Core/Inc -I../Drivers/STM32C0xx_HAL_Driver/Inc -I../Drivers/STM32C0xx_HAL_Driver/Inc/Legacy -I../Drivers/CMSIS/Device/ST/STM32C0xx/Include -I../Drivers/CMSIS/Include -O0 -ffunction-sections -fdata-sections -Wall -fstack-usage -MMD -MP -MF"Core/Src/SysTik_program.d" -MT"Core/Src/SysTik_program.o" --specs=nano.specs -mfloat-abi=soft -mthumb -o "Core/Src/SysTik_program.o"
arm-none-eabi-gcc -o "GPIO.elf" @"objects.list"   -mcpu=cortex-m0plus -T"D:\Personal\Embedded system\NTI\ARM_drivers\GPIO\STM32C011D6YX_FLASH.ld" --specs=nosys.specs -Wl,-Map="GPIO.map" -Wl,--gc-sections -static --specs=nano.specs -mfloat-abi=soft -mthumb -Wl,--start-group -lc -lm -Wl,--end-group
Finished building target: GPIO.elf
 
arm-none-eabi-size   GPIO.elf 
arm-none-eabi-objdump -h -S  GPIO.elf  > "GPIO.list"
   text	   data	    bss	    dec	    hex	filename
   1560	      8	   1576	   3144	    c48	GPIO.elf
Finished building: default.size.stdout
 
Finished building: GPIO.list
 
arm-none-eabi-objcopy -O ihex GPIO.elf GPIO.hex
 
12:14:12 **** Incremental Build of configuration Debug for project SysTik ****
make -j8 all 
arm-none-eabi-size   SysTik.elf 
   text	   data	    bss	    dec	    hex	filename
    556	      8	   1568	   2132	    854	SysTik.elf
Finished building: default.size.stdout
 
12:26:53 **** Incremental Build of configuration Debug for project GPIO ****
make -j8 all 
arm-none-eabi-gcc "../Core/Src/main.c" -mcpu=cortex-m0plus -std=gnu11 -g3 -DDEBUG -DUSE_HAL_DRIVER -DSTM32C011xx -c -I../Core/Inc -I../Drivers/STM32C0xx_HAL_Driver/Inc -I../Drivers/STM32C0xx_HAL_Driver/Inc/Legacy -I../Drivers/CMSIS/Device/ST/STM32C0xx/Include -I../Drivers/CMSIS/Include -O0 -ffunction-sections -fdata-sections -Wall -fstack-usage -MMD -MP -MF"Core/Src/main.d" -MT"Core/Src/main.o" --specs=nano.specs -mfloat-abi=soft -mthumb -o "Core/Src/main.o"
../Core/Src/main.c:15:6: warning: return type of 'main' is not 'int' [-Wmain]
   15 | void main(void)
      |      ^~~~
arm-none-eabi-gcc -o "GPIO.elf" @"objects.list"   -mcpu=cortex-m0plus -T"D:\Personal\Embedded system\NTI\ARM_drivers\GPIO\STM32C011D6YX_FLASH.ld" --specs=nosys.specs -Wl,-Map="GPIO.map" -Wl,--gc-sections -static --specs=nano.specs -mfloat-abi=soft -mthumb -Wl,--start-group -lc -lm -Wl,--end-group
Finished building target: GPIO.elf
 
arm-none-eabi-size   GPIO.elf 
arm-none-eabi-objdump -h -S  GPIO.elf  > "GPIO.list"
   text	   data	    bss	    dec	    hex	filename
   1556	      8	   1576	   3140	    c44	GPIO.elf
Finished building: default.size.stdout
 
Finished building: GPIO.list
 
arm-none-eabi-objcopy -O ihex GPIO.elf GPIO.hex
 
12:26:54 **** Incremental Build of configuration Debug for project SysTik ****
make -j8 all 
arm-none-eabi-size   SysTik.elf 
   text	   data	    bss	    dec	    hex	filename
    556	      8	   1568	   2132	    854	SysTik.elf
Finished building: default.size.stdout
 
12:28:30 **** Incremental Build of configuration Debug for project GPIO ****
make -j8 all 
arm-none-eabi-gcc "../Core/Src/SysTik_program.c" -mcpu=cortex-m0plus -std=gnu11 -g3 -DDEBUG -DUSE_HAL_DRIVER -DSTM32C011xx -c -I../Core/Inc -I../Drivers/STM32C0xx_HAL_Driver/Inc -I../Drivers/STM32C0xx_HAL_Driver/Inc/Legacy -I../Drivers/CMSIS/Device/ST/STM32C0xx/Include -I../Drivers/CMSIS/Include -O0 -ffunction-sections -fdata-sections -Wall -fstack-usage -MMD -MP -MF"Core/Src/SysTik_program.d" -MT"Core/Src/SysTik_program.o" --specs=nano.specs -mfloat-abi=soft -mthumb -o "Core/Src/SysTik_program.o"
../Core/Src/SysTik_program.c: In function 'SysTik_Synchronous':
../Core/Src/SysTik_program.c:45:5: warning: unused variable 'readFlag' [-Wunused-variable]
   45 |  u8 readFlag=STK_CTRL_COUNT_FLAG;
      |     ^~~~~~~~
arm-none-eabi-gcc -o "GPIO.elf" @"objects.list"   -mcpu=cortex-m0plus -T"D:\Personal\Embedded system\NTI\ARM_drivers\GPIO\STM32C011D6YX_FLASH.ld" --specs=nosys.specs -Wl,-Map="GPIO.map" -Wl,--gc-sections -static --specs=nano.specs -mfloat-abi=soft -mthumb -Wl,--start-group -lc -lm -Wl,--end-group
Finished building target: GPIO.elf
 
arm-none-eabi-size   GPIO.elf 
arm-none-eabi-objdump -h -S  GPIO.elf  > "GPIO.list"
   text	   data	    bss	    dec	    hex	filename
   1564	      8	   1576	   3148	    c4c	GPIO.elf
Finished building: default.size.stdout
 
Finished building: GPIO.list
 
arm-none-eabi-objcopy -O ihex GPIO.elf GPIO.hex
 
12:28:31 **** Incremental Build of configuration Debug for project SysTik ****
make -j8 all 
arm-none-eabi-size   SysTik.elf 
   text	   data	    bss	    dec	    hex	filename
    556	      8	   1568	   2132	    854	SysTik.elf
Finished building: default.size.stdout
 
12:30:07 **** Incremental Build of configuration Debug for project GPIO ****
make -j8 all 
arm-none-eabi-gcc "../Core/Src/SysTik_program.c" -mcpu=cortex-m0plus -std=gnu11 -g3 -DDEBUG -DUSE_HAL_DRIVER -DSTM32C011xx -c -I../Core/Inc -I../Drivers/STM32C0xx_HAL_Driver/Inc -I../Drivers/STM32C0xx_HAL_Driver/Inc/Legacy -I../Drivers/CMSIS/Device/ST/STM32C0xx/Include -I../Drivers/CMSIS/Include -O0 -ffunction-sections -fdata-sections -Wall -fstack-usage -MMD -MP -MF"Core/Src/SysTik_program.d" -MT"Core/Src/SysTik_program.o" --specs=nano.specs -mfloat-abi=soft -mthumb -o "Core/Src/SysTik_program.o"
In file included from ../Core/Src/SysTik_program.c:6:
../Core/Src/SysTik_program.c: In function 'SysTik_Synchronous':
../Core/Inc/SysTik_registers.h:11:33: error: expected '(' before numeric constant
   11 | #define STK_CTRL_COUNT_FLAG     16 //When the counter reaches zero, this flag is set
      |                                 ^~
../Core/Src/SysTik_program.c:44:8: note: in expansion of macro 'STK_CTRL_COUNT_FLAG'
   44 |  while STK_CTRL_COUNT_FLAG!=1);
      |        ^~~~~~~~~~~~~~~~~~~
../Core/Inc/SysTik_registers.h:11:33: warning: statement with no effect [-Wunused-value]
   11 | #define STK_CTRL_COUNT_FLAG     16 //When the counter reaches zero, this flag is set
      |                                 ^~
../Core/Src/SysTik_program.c:44:8: note: in expansion of macro 'STK_CTRL_COUNT_FLAG'
   44 |  while STK_CTRL_COUNT_FLAG!=1);
      |        ^~~~~~~~~~~~~~~~~~~
../Core/Src/SysTik_program.c:44:30: error: expected statement before ')' token
   44 |  while STK_CTRL_COUNT_FLAG!=1);
      |                              ^
../Core/Src/SysTik_program.c:45:5: warning: unused variable 'readFlag' [-Wunused-variable]
   45 |  u8 readFlag=STK_CTRL_COUNT_FLAG;
      |     ^~~~~~~~
make[1]: *** [Core/Src/subdir.mk:40: Core/Src/SysTik_program.o] Error 1
make: *** [makefile:58: all] Error 2
"make -j8 all" terminated with exit code 2. Build might be incomplete.
12:30:07 **** Incremental Build of configuration Debug for project SysTik ****
make -j8 all 
arm-none-eabi-size   SysTik.elf 
   text	   data	    bss	    dec	    hex	filename
    556	      8	   1568	   2132	    854	SysTik.elf
Finished building: default.size.stdout
 
12:30:13 **** Incremental Build of configuration Debug for project GPIO ****
make -j8 all 
arm-none-eabi-gcc "../Core/Src/SysTik_program.c" -mcpu=cortex-m0plus -std=gnu11 -g3 -DDEBUG -DUSE_HAL_DRIVER -DSTM32C011xx -c -I../Core/Inc -I../Drivers/STM32C0xx_HAL_Driver/Inc -I../Drivers/STM32C0xx_HAL_Driver/Inc/Legacy -I../Drivers/CMSIS/Device/ST/STM32C0xx/Include -I../Drivers/CMSIS/Include -O0 -ffunction-sections -fdata-sections -Wall -fstack-usage -MMD -MP -MF"Core/Src/SysTik_program.d" -MT"Core/Src/SysTik_program.o" --specs=nano.specs -mfloat-abi=soft -mthumb -o "Core/Src/SysTik_program.o"
../Core/Src/SysTik_program.c: In function 'SysTik_Synchronous':
../Core/Src/SysTik_program.c:45:5: warning: unused variable 'readFlag' [-Wunused-variable]
   45 |  u8 readFlag=STK_CTRL_COUNT_FLAG;
      |     ^~~~~~~~
arm-none-eabi-gcc -o "GPIO.elf" @"objects.list"   -mcpu=cortex-m0plus -T"D:\Personal\Embedded system\NTI\ARM_drivers\GPIO\STM32C011D6YX_FLASH.ld" --specs=nosys.specs -Wl,-Map="GPIO.map" -Wl,--gc-sections -static --specs=nano.specs -mfloat-abi=soft -mthumb -Wl,--start-group -lc -lm -Wl,--end-group
Finished building target: GPIO.elf
 
arm-none-eabi-size   GPIO.elf 
arm-none-eabi-objdump -h -S  GPIO.elf  > "GPIO.list"
   text	   data	    bss	    dec	    hex	filename
   1508	      8	   1576	   3092	    c14	GPIO.elf
Finished building: default.size.stdout
 
Finished building: GPIO.list
 
arm-none-eabi-objcopy -O ihex GPIO.elf GPIO.hex
 
12:30:14 **** Incremental Build of configuration Debug for project SysTik ****
make -j8 all 
arm-none-eabi-size   SysTik.elf 
   text	   data	    bss	    dec	    hex	filename
    556	      8	   1568	   2132	    854	SysTik.elf
Finished building: default.size.stdout
 
12:30:18 **** Incremental Build of configuration Debug for project GPIO ****
make -j8 all 
arm-none-eabi-gcc "../Core/Src/SysTik_program.c" -mcpu=cortex-m0plus -std=gnu11 -g3 -DDEBUG -DUSE_HAL_DRIVER -DSTM32C011xx -c -I../Core/Inc -I../Drivers/STM32C0xx_HAL_Driver/Inc -I../Drivers/STM32C0xx_HAL_Driver/Inc/Legacy -I../Drivers/CMSIS/Device/ST/STM32C0xx/Include -I../Drivers/CMSIS/Include -O0 -ffunction-sections -fdata-sections -Wall -fstack-usage -MMD -MP -MF"Core/Src/SysTik_program.d" -MT"Core/Src/SysTik_program.o" --specs=nano.specs -mfloat-abi=soft -mthumb -o "Core/Src/SysTik_program.o"
../Core/Src/SysTik_program.c: In function 'SysTik_Synchronous':
../Core/Src/SysTik_program.c:45:5: warning: unused variable 'readFlag' [-Wunused-variable]
   45 |  u8 readFlag=STK_CTRL_COUNT_FLAG;
      |     ^~~~~~~~
arm-none-eabi-gcc -o "GPIO.elf" @"objects.list"   -mcpu=cortex-m0plus -T"D:\Personal\Embedded system\NTI\ARM_drivers\GPIO\STM32C011D6YX_FLASH.ld" --specs=nosys.specs -Wl,-Map="GPIO.map" -Wl,--gc-sections -static --specs=nano.specs -mfloat-abi=soft -mthumb -Wl,--start-group -lc -lm -Wl,--end-group
Finished building target: GPIO.elf
 
arm-none-eabi-size   GPIO.elf 
arm-none-eabi-objdump -h -S  GPIO.elf  > "GPIO.list"
   text	   data	    bss	    dec	    hex	filename
   1508	      8	   1576	   3092	    c14	GPIO.elf
Finished building: default.size.stdout
 
Finished building: GPIO.list
 
arm-none-eabi-objcopy -O ihex GPIO.elf GPIO.hex
 
12:30:19 **** Incremental Build of configuration Debug for project SysTik ****
make -j8 all 
arm-none-eabi-size   SysTik.elf 
   text	   data	    bss	    dec	    hex	filename
    556	      8	   1568	   2132	    854	SysTik.elf
Finished building: default.size.stdout
 
12:30:42 **** Incremental Build of configuration Debug for project GPIO ****
make -j8 all 
arm-none-eabi-gcc "../Core/Src/SysTik_program.c" -mcpu=cortex-m0plus -std=gnu11 -g3 -DDEBUG -DUSE_HAL_DRIVER -DSTM32C011xx -c -I../Core/Inc -I../Drivers/STM32C0xx_HAL_Driver/Inc -I../Drivers/STM32C0xx_HAL_Driver/Inc/Legacy -I../Drivers/CMSIS/Device/ST/STM32C0xx/Include -I../Drivers/CMSIS/Include -O0 -ffunction-sections -fdata-sections -Wall -fstack-usage -MMD -MP -MF"Core/Src/SysTik_program.d" -MT"Core/Src/SysTik_program.o" --specs=nano.specs -mfloat-abi=soft -mthumb -o "Core/Src/SysTik_program.o"
../Core/Src/SysTik_program.c: In function 'SysTik_Synchronous':
../Core/Src/SysTik_program.c:44:51: error: expected ')' before ';' token
   44 |  while ((GET_BIT(STK_CTRL,STK_CTRL_COUNT_FLAG)==0);
      |        ~                                          ^
      |                                                   )
../Core/Src/SysTik_program.c:49:1: error: expected expression before '}' token
   49 | }
      | ^
make[1]: *** [Core/Src/subdir.mk:40: Core/Src/SysTik_program.o] Error 1
make: *** [makefile:58: all] Error 2
"make -j8 all" terminated with exit code 2. Build might be incomplete.
12:30:43 **** Incremental Build of configuration Debug for project SysTik ****
make -j8 all 
arm-none-eabi-size   SysTik.elf 
   text	   data	    bss	    dec	    hex	filename
    556	      8	   1568	   2132	    854	SysTik.elf
Finished building: default.size.stdout
 
12:30:48 **** Incremental Build of configuration Debug for project GPIO ****
make -j8 all 
arm-none-eabi-gcc "../Core/Src/SysTik_program.c" -mcpu=cortex-m0plus -std=gnu11 -g3 -DDEBUG -DUSE_HAL_DRIVER -DSTM32C011xx -c -I../Core/Inc -I../Drivers/STM32C0xx_HAL_Driver/Inc -I../Drivers/STM32C0xx_HAL_Driver/Inc/Legacy -I../Drivers/CMSIS/Device/ST/STM32C0xx/Include -I../Drivers/CMSIS/Include -O0 -ffunction-sections -fdata-sections -Wall -fstack-usage -MMD -MP -MF"Core/Src/SysTik_program.d" -MT"Core/Src/SysTik_program.o" --specs=nano.specs -mfloat-abi=soft -mthumb -o "Core/Src/SysTik_program.o"
In file included from ../Core/Src/SysTik_program.c:6:
../Core/Src/SysTik_program.c: In function 'SysTik_Synchronous':
../Core/Inc/SysTik_registers.h:13:23: error: invalid operands to binary * (have 'int' and 'volatile u32 *' {aka 'volatile long unsigned int *'})
   13 | #define STK_VAL       *((volatile u32*)STK_BASE_ADDRESS+0x08) //The value is the current counting value
      |                       ^~~~~~~~~~~~~~~~~~~~~~~~~~~~~~~~~~~~~~~
      |                                                        |
      |                                                        volatile u32 * {aka volatile long unsigned int *}
../Core/Src/SysTik_program.c:46:2: note: in expansion of macro 'STK_VAL'
   46 |  STK_VAL=0;
      |  ^~~~~~~
../Core/Src/SysTik_program.c:45:5: warning: unused variable 'readFlag' [-Wunused-variable]
   45 |  u8 readFlag=STK_CTRL_COUNT_FLAG
      |     ^~~~~~~~
make[1]: *** [Core/Src/subdir.mk:40: Core/Src/SysTik_program.o] Error 1
make: *** [makefile:58: all] Error 2
"make -j8 all" terminated with exit code 2. Build might be incomplete.
12:30:48 **** Incremental Build of configuration Debug for project SysTik ****
make -j8 all 
arm-none-eabi-size   SysTik.elf 
   text	   data	    bss	    dec	    hex	filename
    556	      8	   1568	   2132	    854	SysTik.elf
Finished building: default.size.stdout
 
12:30:55 **** Incremental Build of configuration Debug for project GPIO ****
make -j8 all 
arm-none-eabi-gcc "../Core/Src/SysTik_program.c" -mcpu=cortex-m0plus -std=gnu11 -g3 -DDEBUG -DUSE_HAL_DRIVER -DSTM32C011xx -c -I../Core/Inc -I../Drivers/STM32C0xx_HAL_Driver/Inc -I../Drivers/STM32C0xx_HAL_Driver/Inc/Legacy -I../Drivers/CMSIS/Device/ST/STM32C0xx/Include -I../Drivers/CMSIS/Include -O0 -ffunction-sections -fdata-sections -Wall -fstack-usage -MMD -MP -MF"Core/Src/SysTik_program.d" -MT"Core/Src/SysTik_program.o" --specs=nano.specs -mfloat-abi=soft -mthumb -o "Core/Src/SysTik_program.o"
arm-none-eabi-gcc -o "GPIO.elf" @"objects.list"   -mcpu=cortex-m0plus -T"D:\Personal\Embedded system\NTI\ARM_drivers\GPIO\STM32C011D6YX_FLASH.ld" --specs=nosys.specs -Wl,-Map="GPIO.map" -Wl,--gc-sections -static --specs=nano.specs -mfloat-abi=soft -mthumb -Wl,--start-group -lc -lm -Wl,--end-group
Finished building target: GPIO.elf
 
arm-none-eabi-size   GPIO.elf 
arm-none-eabi-objdump -h -S  GPIO.elf  > "GPIO.list"
   text	   data	    bss	    dec	    hex	filename
   1556	      8	   1576	   3140	    c44	GPIO.elf
Finished building: default.size.stdout
 
Finished building: GPIO.list
 
arm-none-eabi-objcopy -O ihex GPIO.elf GPIO.hex
 
12:30:56 **** Incremental Build of configuration Debug for project SysTik ****
make -j8 all 
arm-none-eabi-size   SysTik.elf 
   text	   data	    bss	    dec	    hex	filename
    556	      8	   1568	   2132	    854	SysTik.elf
Finished building: default.size.stdout
 
12:32:14 **** Incremental Build of configuration Debug for project GPIO ****
make -j8 all 
arm-none-eabi-gcc "../Core/Src/main.c" -mcpu=cortex-m0plus -std=gnu11 -g3 -DDEBUG -DUSE_HAL_DRIVER -DSTM32C011xx -c -I../Core/Inc -I../Drivers/STM32C0xx_HAL_Driver/Inc -I../Drivers/STM32C0xx_HAL_Driver/Inc/Legacy -I../Drivers/CMSIS/Device/ST/STM32C0xx/Include -I../Drivers/CMSIS/Include -O0 -ffunction-sections -fdata-sections -Wall -fstack-usage -MMD -MP -MF"Core/Src/main.d" -MT"Core/Src/main.o" --specs=nano.specs -mfloat-abi=soft -mthumb -o "Core/Src/main.o"
../Core/Src/main.c:15:6: warning: return type of 'main' is not 'int' [-Wmain]
   15 | void main(void)
      |      ^~~~
arm-none-eabi-gcc -o "GPIO.elf" @"objects.list"   -mcpu=cortex-m0plus -T"D:\Personal\Embedded system\NTI\ARM_drivers\GPIO\STM32C011D6YX_FLASH.ld" --specs=nosys.specs -Wl,-Map="GPIO.map" -Wl,--gc-sections -static --specs=nano.specs -mfloat-abi=soft -mthumb -Wl,--start-group -lc -lm -Wl,--end-group
Finished building target: GPIO.elf
 
arm-none-eabi-size   GPIO.elf 
arm-none-eabi-objdump -h -S  GPIO.elf  > "GPIO.list"
   text	   data	    bss	    dec	    hex	filename
   1556	      8	   1576	   3140	    c44	GPIO.elf
Finished building: default.size.stdout
 
Finished building: GPIO.list
 
arm-none-eabi-objcopy -O ihex GPIO.elf GPIO.hex
 
12:32:15 **** Incremental Build of configuration Debug for project SysTik ****
make -j8 all 
arm-none-eabi-size   SysTik.elf 
   text	   data	    bss	    dec	    hex	filename
    556	      8	   1568	   2132	    854	SysTik.elf
Finished building: default.size.stdout
 
14:13:50 **** Incremental Build of configuration Debug for project GPIO ****
make -j8 all 
arm-none-eabi-gcc "../Core/Src/DMA_program.c" -mcpu=cortex-m0plus -std=gnu11 -g3 -DDEBUG -DUSE_HAL_DRIVER -DSTM32C011xx -c -I../Core/Inc -I../Drivers/STM32C0xx_HAL_Driver/Inc -I../Drivers/STM32C0xx_HAL_Driver/Inc/Legacy -I../Drivers/CMSIS/Device/ST/STM32C0xx/Include -I../Drivers/CMSIS/Include -O0 -ffunction-sections -fdata-sections -Wall -fstack-usage -MMD -MP -MF"Core/Src/DMA_program.d" -MT"Core/Src/DMA_program.o" --specs=nano.specs -mfloat-abi=soft -mthumb -o "Core/Src/DMA_program.o"
arm-none-eabi-gcc "../Core/Src/GPIO_program.c" -mcpu=cortex-m0plus -std=gnu11 -g3 -DDEBUG -DUSE_HAL_DRIVER -DSTM32C011xx -c -I../Core/Inc -I../Drivers/STM32C0xx_HAL_Driver/Inc -I../Drivers/STM32C0xx_HAL_Driver/Inc/Legacy -I../Drivers/CMSIS/Device/ST/STM32C0xx/Include -I../Drivers/CMSIS/Include -O0 -ffunction-sections -fdata-sections -Wall -fstack-usage -MMD -MP -MF"Core/Src/GPIO_program.d" -MT"Core/Src/GPIO_program.o" --specs=nano.specs -mfloat-abi=soft -mthumb -o "Core/Src/GPIO_program.o"
arm-none-eabi-gcc "../Core/Src/NVIC_program.c" -mcpu=cortex-m0plus -std=gnu11 -g3 -DDEBUG -DUSE_HAL_DRIVER -DSTM32C011xx -c -I../Core/Inc -I../Drivers/STM32C0xx_HAL_Driver/Inc -I../Drivers/STM32C0xx_HAL_Driver/Inc/Legacy -I../Drivers/CMSIS/Device/ST/STM32C0xx/Include -I../Drivers/CMSIS/Include -O0 -ffunction-sections -fdata-sections -Wall -fstack-usage -MMD -MP -MF"Core/Src/NVIC_program.d" -MT"Core/Src/NVIC_program.o" --specs=nano.specs -mfloat-abi=soft -mthumb -o "Core/Src/NVIC_program.o"
arm-none-eabi-gcc "../Core/Src/RCC_program.c" -mcpu=cortex-m0plus -std=gnu11 -g3 -DDEBUG -DUSE_HAL_DRIVER -DSTM32C011xx -c -I../Core/Inc -I../Drivers/STM32C0xx_HAL_Driver/Inc -I../Drivers/STM32C0xx_HAL_Driver/Inc/Legacy -I../Drivers/CMSIS/Device/ST/STM32C0xx/Include -I../Drivers/CMSIS/Include -O0 -ffunction-sections -fdata-sections -Wall -fstack-usage -MMD -MP -MF"Core/Src/RCC_program.d" -MT"Core/Src/RCC_program.o" --specs=nano.specs -mfloat-abi=soft -mthumb -o "Core/Src/RCC_program.o"
arm-none-eabi-gcc "../Core/Src/SysTik_program.c" -mcpu=cortex-m0plus -std=gnu11 -g3 -DDEBUG -DUSE_HAL_DRIVER -DSTM32C011xx -c -I../Core/Inc -I../Drivers/STM32C0xx_HAL_Driver/Inc -I../Drivers/STM32C0xx_HAL_Driver/Inc/Legacy -I../Drivers/CMSIS/Device/ST/STM32C0xx/Include -I../Drivers/CMSIS/Include -O0 -ffunction-sections -fdata-sections -Wall -fstack-usage -MMD -MP -MF"Core/Src/SysTik_program.d" -MT"Core/Src/SysTik_program.o" --specs=nano.specs -mfloat-abi=soft -mthumb -o "Core/Src/SysTik_program.o"
arm-none-eabi-gcc "../Core/Src/main.c" -mcpu=cortex-m0plus -std=gnu11 -g3 -DDEBUG -DUSE_HAL_DRIVER -DSTM32C011xx -c -I../Core/Inc -I../Drivers/STM32C0xx_HAL_Driver/Inc -I../Drivers/STM32C0xx_HAL_Driver/Inc/Legacy -I../Drivers/CMSIS/Device/ST/STM32C0xx/Include -I../Drivers/CMSIS/Include -O0 -ffunction-sections -fdata-sections -Wall -fstack-usage -MMD -MP -MF"Core/Src/main.d" -MT"Core/Src/main.o" --specs=nano.specs -mfloat-abi=soft -mthumb -o "Core/Src/main.o"
arm-none-eabi-gcc "../Core/Src/syscalls.c" -mcpu=cortex-m0plus -std=gnu11 -g3 -DDEBUG -DUSE_HAL_DRIVER -DSTM32C011xx -c -I../Core/Inc -I../Drivers/STM32C0xx_HAL_Driver/Inc -I../Drivers/STM32C0xx_HAL_Driver/Inc/Legacy -I../Drivers/CMSIS/Device/ST/STM32C0xx/Include -I../Drivers/CMSIS/Include -O0 -ffunction-sections -fdata-sections -Wall -fstack-usage -MMD -MP -MF"Core/Src/syscalls.d" -MT"Core/Src/syscalls.o" --specs=nano.specs -mfloat-abi=soft -mthumb -o "Core/Src/syscalls.o"
arm-none-eabi-gcc "../Core/Src/sysmem.c" -mcpu=cortex-m0plus -std=gnu11 -g3 -DDEBUG -DUSE_HAL_DRIVER -DSTM32C011xx -c -I../Core/Inc -I../Drivers/STM32C0xx_HAL_Driver/Inc -I../Drivers/STM32C0xx_HAL_Driver/Inc/Legacy -I../Drivers/CMSIS/Device/ST/STM32C0xx/Include -I../Drivers/CMSIS/Include -O0 -ffunction-sections -fdata-sections -Wall -fstack-usage -MMD -MP -MF"Core/Src/sysmem.d" -MT"Core/Src/sysmem.o" --specs=nano.specs -mfloat-abi=soft -mthumb -o "Core/Src/sysmem.o"
../Core/Src/main.c:15:6: warning: return type of 'main' is not 'int' [-Wmain]
   15 | void main(void)
      |      ^~~~
arm-none-eabi-gcc "../Core/Src/system_stm32c0xx.c" -mcpu=cortex-m0plus -std=gnu11 -g3 -DDEBUG -DUSE_HAL_DRIVER -DSTM32C011xx -c -I../Core/Inc -I../Drivers/STM32C0xx_HAL_Driver/Inc -I../Drivers/STM32C0xx_HAL_Driver/Inc/Legacy -I../Drivers/CMSIS/Device/ST/STM32C0xx/Include -I../Drivers/CMSIS/Include -O0 -ffunction-sections -fdata-sections -Wall -fstack-usage -MMD -MP -MF"Core/Src/system_stm32c0xx.d" -MT"Core/Src/system_stm32c0xx.o" --specs=nano.specs -mfloat-abi=soft -mthumb -o "Core/Src/system_stm32c0xx.o"
arm-none-eabi-gcc -o "GPIO.elf" @"objects.list"   -mcpu=cortex-m0plus -T"D:\Personal\Embedded system\NTI\ARM_drivers\GPIO\STM32C011D6YX_FLASH.ld" --specs=nosys.specs -Wl,-Map="GPIO.map" -Wl,--gc-sections -static --specs=nano.specs -mfloat-abi=soft -mthumb -Wl,--start-group -lc -lm -Wl,--end-group
Finished building target: GPIO.elf
 
arm-none-eabi-size   GPIO.elf 
arm-none-eabi-objdump -h -S  GPIO.elf  > "GPIO.list"
   text	   data	    bss	    dec	    hex	filename
   1556	      8	   1576	   3140	    c44	GPIO.elf
Finished building: default.size.stdout
 
Finished building: GPIO.list
 
arm-none-eabi-objcopy -O ihex GPIO.elf GPIO.hex
 
14:13:53 **** Incremental Build of configuration Debug for project SysTik ****
make -j8 all 
arm-none-eabi-size   SysTik.elf 
   text	   data	    bss	    dec	    hex	filename
    556	      8	   1568	   2132	    854	SysTik.elf
Finished building: default.size.stdout
 
14:14:03 **** Incremental Build of configuration Debug for project GPIO ****
make -j8 all 
arm-none-eabi-gcc "../Core/Src/DMA_program.c" -mcpu=cortex-m0plus -std=gnu11 -g3 -DDEBUG -DUSE_HAL_DRIVER -DSTM32C011xx -c -I../Core/Inc -I../Drivers/STM32C0xx_HAL_Driver/Inc -I../Drivers/STM32C0xx_HAL_Driver/Inc/Legacy -I../Drivers/CMSIS/Device/ST/STM32C0xx/Include -I../Drivers/CMSIS/Include -O0 -ffunction-sections -fdata-sections -Wall -fstack-usage -MMD -MP -MF"Core/Src/DMA_program.d" -MT"Core/Src/DMA_program.o" --specs=nano.specs -mfloat-abi=soft -mthumb -o "Core/Src/DMA_program.o"
arm-none-eabi-gcc -o "GPIO.elf" @"objects.list"   -mcpu=cortex-m0plus -T"D:\Personal\Embedded system\NTI\ARM_drivers\GPIO\STM32C011D6YX_FLASH.ld" --specs=nosys.specs -Wl,-Map="GPIO.map" -Wl,--gc-sections -static --specs=nano.specs -mfloat-abi=soft -mthumb -Wl,--start-group -lc -lm -Wl,--end-group
Finished building target: GPIO.elf
 
arm-none-eabi-size   GPIO.elf 
arm-none-eabi-objdump -h -S  GPIO.elf  > "GPIO.list"
   text	   data	    bss	    dec	    hex	filename
   1556	      8	   1576	   3140	    c44	GPIO.elf
Finished building: default.size.stdout
 
Finished building: GPIO.list
 
arm-none-eabi-objcopy -O ihex GPIO.elf GPIO.hex
 
14:14:04 **** Incremental Build of configuration Debug for project SysTik ****
make -j8 all 
arm-none-eabi-size   SysTik.elf 
   text	   data	    bss	    dec	    hex	filename
    556	      8	   1568	   2132	    854	SysTik.elf
Finished building: default.size.stdout
 
15:44:18 **** Incremental Build of configuration Debug for project GPIO ****
make -j8 all 
arm-none-eabi-gcc "../Core/Src/DMA_program.c" -mcpu=cortex-m0plus -std=gnu11 -g3 -DDEBUG -DUSE_HAL_DRIVER -DSTM32C011xx -c -I../Core/Inc -I../Drivers/STM32C0xx_HAL_Driver/Inc -I../Drivers/STM32C0xx_HAL_Driver/Inc/Legacy -I../Drivers/CMSIS/Device/ST/STM32C0xx/Include -I../Drivers/CMSIS/Include -O0 -ffunction-sections -fdata-sections -Wall -fstack-usage -MMD -MP -MF"Core/Src/DMA_program.d" -MT"Core/Src/DMA_program.o" --specs=nano.specs -mfloat-abi=soft -mthumb -o "Core/Src/DMA_program.o"
arm-none-eabi-gcc "../Core/Src/main.c" -mcpu=cortex-m0plus -std=gnu11 -g3 -DDEBUG -DUSE_HAL_DRIVER -DSTM32C011xx -c -I../Core/Inc -I../Drivers/STM32C0xx_HAL_Driver/Inc -I../Drivers/STM32C0xx_HAL_Driver/Inc/Legacy -I../Drivers/CMSIS/Device/ST/STM32C0xx/Include -I../Drivers/CMSIS/Include -O0 -ffunction-sections -fdata-sections -Wall -fstack-usage -MMD -MP -MF"Core/Src/main.d" -MT"Core/Src/main.o" --specs=nano.specs -mfloat-abi=soft -mthumb -o "Core/Src/main.o"
../Core/Src/DMA_program.c: In function 'DMA_voidInit':
../Core/Src/DMA_program.c:18:36: error: invalid type argument of '->' (have 'ChannalREG')
   18 |  DMA_REG->channel[copy_u8ChannelId]->CCR->DIR=0;
      |                                    ^~
../Core/Src/DMA_program.c:28:35: error: invalid type argument of '->' (have 'ChannalREG')
   28 | DMA_REG->channel[copy_u8ChannelId]->CCR->MSIZE=CHANNEL_MEMORY_SIZE;
      |                                   ^~
../Core/Src/DMA_program.c:28:48: error: 'CHANNEL_MEMORY_SIZE' undeclared (first use in this function)
   28 | DMA_REG->channel[copy_u8ChannelId]->CCR->MSIZE=CHANNEL_MEMORY_SIZE;
      |                                                ^~~~~~~~~~~~~~~~~~~
../Core/Src/DMA_program.c:28:48: note: each undeclared identifier is reported only once for each function it appears in
../Core/Src/DMA_program.c:29:35: error: invalid type argument of '->' (have 'ChannalREG')
   29 | DMA_REG->channel[copy_u8ChannelId]->CCR->PL=CHANNEL_PRIORITY_LEVEL;
      |                                   ^~
../Core/Src/DMA_program.c:29:45: error: 'CHANNEL_PRIORITY_LEVEL' undeclared (first use in this function)
   29 | DMA_REG->channel[copy_u8ChannelId]->CCR->PL=CHANNEL_PRIORITY_LEVEL;
      |                                             ^~~~~~~~~~~~~~~~~~~~~~
../Core/Src/DMA_program.c:30:35: error: invalid type argument of '->' (have 'ChannalREG')
   30 | DMA_REG->channel[copy_u8ChannelId]->CCR->PSIZE=CHANNEL_PERIPHERAL_SIZE;
      |                                   ^~
../Core/Src/DMA_program.c:30:48: error: 'CHANNEL_PERIPHERAL_SIZE' undeclared (first use in this function)
   30 | DMA_REG->channel[copy_u8ChannelId]->CCR->PSIZE=CHANNEL_PERIPHERAL_SIZE;
      |                                                ^~~~~~~~~~~~~~~~~~~~~~~
../Core/Src/DMA_program.c:32:35: error: invalid type argument of '->' (have 'ChannalREG')
   32 | DMA_REG->channel[copy_u8ChannelId]->CCR->MINC=MEMORY_INCREMENT_MODE;
      |                                   ^~
../Core/Src/DMA_program.c:32:47: error: 'MEMORY_INCREMENT_MODE' undeclared (first use in this function)
   32 | DMA_REG->channel[copy_u8ChannelId]->CCR->MINC=MEMORY_INCREMENT_MODE;
      |                                               ^~~~~~~~~~~~~~~~~~~~~
../Core/Src/DMA_program.c:33:20: error: invalid type argument of '->' (have 'ChannalREG')
   33 | DMA_REG->channel[1]->CCR->PINC=PERIPHERAL_INCREMENT_MODE;
      |                    ^~
../Core/Src/DMA_program.c:33:32: error: 'PERIPHERAL_INCREMENT_MODE' undeclared (first use in this function)
   33 | DMA_REG->channel[1]->CCR->PINC=PERIPHERAL_INCREMENT_MODE;
      |                                ^~~~~~~~~~~~~~~~~~~~~~~~~
../Core/Src/DMA_program.c:34:20: error: invalid type argument of '->' (have 'ChannalREG')
   34 | DMA_REG->channel[1]->CCR->CIRC=CIRCULAR_MODE;
      |                    ^~
../Core/Src/DMA_program.c:34:32: error: 'CIRCULAR_MODE' undeclared (first use in this function)
   34 | DMA_REG->channel[1]->CCR->CIRC=CIRCULAR_MODE;
      |                                ^~~~~~~~~~~~~
../Core/Src/DMA_program.c:36:20: error: invalid type argument of '->' (have 'ChannalREG')
   36 | DMA_REG->channel[1]->CCR->TEIE=TRANSFER_ERROR_INTERRUPT_ENABLE;
      |                    ^~
../Core/Src/DMA_program.c:36:32: error: 'TRANSFER_ERROR_INTERRUPT_ENABLE' undeclared (first use in this function)
   36 | DMA_REG->channel[1]->CCR->TEIE=TRANSFER_ERROR_INTERRUPT_ENABLE;
      |                                ^~~~~~~~~~~~~~~~~~~~~~~~~~~~~~~
../Core/Src/DMA_program.c:37:20: error: invalid type argument of '->' (have 'ChannalREG')
   37 | DMA_REG->channel[1]->CCR->HTIE=HALF_TRANSFER_INTERRUPT_ENABLE;
      |                    ^~
../Core/Src/DMA_program.c:37:32: error: 'HALF_TRANSFER_INTERRUPT_ENABLE' undeclared (first use in this function)
   37 | DMA_REG->channel[1]->CCR->HTIE=HALF_TRANSFER_INTERRUPT_ENABLE;
      |                                ^~~~~~~~~~~~~~~~~~~~~~~~~~~~~~
../Core/Src/DMA_program.c:38:20: error: invalid type argument of '->' (have 'ChannalREG')
   38 | DMA_REG->channel[1]->CCR->TCIE=COMPLETE_TRANSFER_INTERRUPT_ENABLE;
      |                    ^~
../Core/Src/DMA_program.c:38:32: error: 'COMPLETE_TRANSFER_INTERRUPT_ENABLE' undeclared (first use in this function)
   38 | DMA_REG->channel[1]->CCR->TCIE=COMPLETE_TRANSFER_INTERRUPT_ENABLE;
      |                                ^~~~~~~~~~~~~~~~~~~~~~~~~~~~~~~~~~
../Core/Src/DMA_program.c: In function 'DMA_voidChannelStart':
../Core/Src/DMA_program.c:47:36: error: invalid type argument of '->' (have 'ChannalREG')
   47 |  DMA_REG->channel[copy_u8ChannelId]->CPAR=Copy_pu32SourceAddress;
      |                                    ^~
../Core/Src/DMA_program.c:49:36: error: invalid type argument of '->' (have 'ChannalREG')
   49 |  DMA_REG->channel[copy_u8ChannelId]->CMAR=Copy_pu32DestinationAddress;
      |                                    ^~
../Core/Src/DMA_program.c:51:36: error: invalid type argument of '->' (have 'ChannalREG')
   51 |  DMA_REG->channel[copy_u8ChannelId]->CNDTR=Copy_u16BlockLength;
      |                                    ^~
../Core/Src/main.c:18:6: warning: return type of 'main' is not 'int' [-Wmain]
   18 | void main(void)
      |      ^~~~
../Core/Src/DMA_program.c:53:36: error: invalid type argument of '->' (have 'ChannalREG')
   53 |  DMA_REG->channel[copy_u8ChannelId]->CCR->EN=1;
      |                                    ^~
../Core/Src/main.c: In function 'main':
../Core/Src/main.c:32:29: warning: passing argument 2 of 'DMA_voidChannelStart' from incompatible pointer type [-Wincompatible-pointer-types]
   32 |     DMA_voidChannelStart(1, &y, &x, 1);
      |                             ^~
      |                             |
      |                             u8 * {aka unsigned char *}
In file included from ../Core/Src/main.c:13:
../Core/Inc/DMA_interface.h:16:52: note: expected 'u32 *' {aka 'long unsigned int *'} but argument is of type 'u8 *' {aka 'unsigned char *'}
   16 | void DMA_voidChannelStart(u8 copy_u8ChannelId,u32* Copy_pu32SourceAddress, u32* Copy_pu32DestinationAddress, u16 Copy_u16BlockLength);
      |                                               ~~~~~^~~~~~~~~~~~~~~~~~~~~~
../Core/Src/main.c:32:33: warning: passing argument 3 of 'DMA_voidChannelStart' from incompatible pointer type [-Wincompatible-pointer-types]
   32 |     DMA_voidChannelStart(1, &y, &x, 1);
      |                                 ^~
      |                                 |
      |                                 u8 * {aka unsigned char *}
In file included from ../Core/Src/main.c:13:
../Core/Inc/DMA_interface.h:16:81: note: expected 'u32 *' {aka 'long unsigned int *'} but argument is of type 'u8 *' {aka 'unsigned char *'}
   16 | void DMA_voidChannelStart(u8 copy_u8ChannelId,u32* Copy_pu32SourceAddress, u32* Copy_pu32DestinationAddress, u16 Copy_u16BlockLength);
      |                                                                            ~~~~~^~~~~~~~~~~~~~~~~~~~~~~~~~~
../Core/Src/main.c:41:37: error: expected expression before ')' token
   41 |   GPIO_voidSetPinValue(PORTA_ID, 0, );
      |                                     ^
make[1]: *** [Core/Src/subdir.mk:43: Core/Src/DMA_program.o] Error 1
make[1]: *** Waiting for unfinished jobs....
make[1]: *** [Core/Src/subdir.mk:43: Core/Src/main.o] Error 1
make: *** [makefile:58: all] Error 2
"make -j8 all" terminated with exit code 2. Build might be incomplete.
15:44:18 **** Incremental Build of configuration Debug for project SysTik ****
make -j8 all 
arm-none-eabi-size   SysTik.elf 
   text	   data	    bss	    dec	    hex	filename
    556	      8	   1568	   2132	    854	SysTik.elf
Finished building: default.size.stdout
 
15:45:35 **** Incremental Build of configuration Debug for project GPIO ****
make -j8 all 
arm-none-eabi-gcc "../Core/Src/DMA_program.c" -mcpu=cortex-m0plus -std=gnu11 -g3 -DDEBUG -DUSE_HAL_DRIVER -DSTM32C011xx -c -I../Core/Inc -I../Drivers/STM32C0xx_HAL_Driver/Inc -I../Drivers/STM32C0xx_HAL_Driver/Inc/Legacy -I../Drivers/CMSIS/Device/ST/STM32C0xx/Include -I../Drivers/CMSIS/Include -O0 -ffunction-sections -fdata-sections -Wall -fstack-usage -MMD -MP -MF"Core/Src/DMA_program.d" -MT"Core/Src/DMA_program.o" --specs=nano.specs -mfloat-abi=soft -mthumb -o "Core/Src/DMA_program.o"
arm-none-eabi-gcc "../Core/Src/main.c" -mcpu=cortex-m0plus -std=gnu11 -g3 -DDEBUG -DUSE_HAL_DRIVER -DSTM32C011xx -c -I../Core/Inc -I../Drivers/STM32C0xx_HAL_Driver/Inc -I../Drivers/STM32C0xx_HAL_Driver/Inc/Legacy -I../Drivers/CMSIS/Device/ST/STM32C0xx/Include -I../Drivers/CMSIS/Include -O0 -ffunction-sections -fdata-sections -Wall -fstack-usage -MMD -MP -MF"Core/Src/main.d" -MT"Core/Src/main.o" --specs=nano.specs -mfloat-abi=soft -mthumb -o "Core/Src/main.o"
../Core/Src/DMA_program.c: In function 'DMA_voidInit':
../Core/Src/DMA_program.c:18:36: error: invalid type argument of '->' (have 'ChannalREG')
   18 |  DMA_REG->channel[copy_u8ChannelId]->CCR->DIR=0;
      |                                    ^~
../Core/Src/DMA_program.c:28:35: error: invalid type argument of '->' (have 'ChannalREG')
   28 | DMA_REG->channel[copy_u8ChannelId]->CCR->MSIZE=CHANNEL_MEMORY_SIZE;
      |                                   ^~
../Core/Src/DMA_program.c:28:48: error: 'CHANNEL_MEMORY_SIZE' undeclared (first use in this function)
   28 | DMA_REG->channel[copy_u8ChannelId]->CCR->MSIZE=CHANNEL_MEMORY_SIZE;
      |                                                ^~~~~~~~~~~~~~~~~~~
../Core/Src/DMA_program.c:28:48: note: each undeclared identifier is reported only once for each function it appears in
../Core/Src/DMA_program.c:29:35: error: invalid type argument of '->' (have 'ChannalREG')
   29 | DMA_REG->channel[copy_u8ChannelId]->CCR->PL=CHANNEL_PRIORITY_LEVEL;
      |                                   ^~
../Core/Src/DMA_program.c:29:45: error: 'CHANNEL_PRIORITY_LEVEL' undeclared (first use in this function)
   29 | DMA_REG->channel[copy_u8ChannelId]->CCR->PL=CHANNEL_PRIORITY_LEVEL;
      |                                             ^~~~~~~~~~~~~~~~~~~~~~
../Core/Src/DMA_program.c:30:35: error: invalid type argument of '->' (have 'ChannalREG')
   30 | DMA_REG->channel[copy_u8ChannelId]->CCR->PSIZE=CHANNEL_PERIPHERAL_SIZE;
      |                                   ^~
../Core/Src/DMA_program.c:30:48: error: 'CHANNEL_PERIPHERAL_SIZE' undeclared (first use in this function)
   30 | DMA_REG->channel[copy_u8ChannelId]->CCR->PSIZE=CHANNEL_PERIPHERAL_SIZE;
      |                                                ^~~~~~~~~~~~~~~~~~~~~~~
../Core/Src/DMA_program.c:32:35: error: invalid type argument of '->' (have 'ChannalREG')
   32 | DMA_REG->channel[copy_u8ChannelId]->CCR->MINC=MEMORY_INCREMENT_MODE;
      |                                   ^~
../Core/Src/DMA_program.c:32:47: error: 'MEMORY_INCREMENT_MODE' undeclared (first use in this function)
   32 | DMA_REG->channel[copy_u8ChannelId]->CCR->MINC=MEMORY_INCREMENT_MODE;
      |                                               ^~~~~~~~~~~~~~~~~~~~~
../Core/Src/DMA_program.c:33:20: error: invalid type argument of '->' (have 'ChannalREG')
   33 | DMA_REG->channel[1]->CCR->PINC=PERIPHERAL_INCREMENT_MODE;
      |                    ^~
../Core/Src/DMA_program.c:33:32: error: 'PERIPHERAL_INCREMENT_MODE' undeclared (first use in this function)
   33 | DMA_REG->channel[1]->CCR->PINC=PERIPHERAL_INCREMENT_MODE;
      |                                ^~~~~~~~~~~~~~~~~~~~~~~~~
../Core/Src/DMA_program.c:34:20: error: invalid type argument of '->' (have 'ChannalREG')
   34 | DMA_REG->channel[1]->CCR->CIRC=CIRCULAR_MODE;
      |                    ^~
../Core/Src/main.c:18:6: warning: return type of 'main' is not 'int' [-Wmain]
   18 | void main(void)
      |      ^~~~
../Core/Src/DMA_program.c:34:32: error: 'CIRCULAR_MODE' undeclared (first use in this function)
   34 | DMA_REG->channel[1]->CCR->CIRC=CIRCULAR_MODE;
      |                                ^~~~~~~~~~~~~
../Core/Src/DMA_program.c:36:20: error: invalid type argument of '->' (have 'ChannalREG')
   36 | DMA_REG->channel[1]->CCR->TEIE=TRANSFER_ERROR_INTERRUPT_ENABLE;
      |                    ^~
../Core/Src/DMA_program.c:36:32: error: 'TRANSFER_ERROR_INTERRUPT_ENABLE' undeclared (first use in this function)
   36 | DMA_REG->channel[1]->CCR->TEIE=TRANSFER_ERROR_INTERRUPT_ENABLE;
      |                                ^~~~~~~~~~~~~~~~~~~~~~~~~~~~~~~
../Core/Src/DMA_program.c:37:20: error: invalid type argument of '->' (have 'ChannalREG')
   37 | DMA_REG->channel[1]->CCR->HTIE=HALF_TRANSFER_INTERRUPT_ENABLE;
      |                    ^~
../Core/Src/DMA_program.c:37:32: error: 'HALF_TRANSFER_INTERRUPT_ENABLE' undeclared (first use in this function)
   37 | DMA_REG->channel[1]->CCR->HTIE=HALF_TRANSFER_INTERRUPT_ENABLE;
      |                                ^~~~~~~~~~~~~~~~~~~~~~~~~~~~~~
../Core/Src/DMA_program.c:38:20: error: invalid type argument of '->' (have 'ChannalREG')
   38 | DMA_REG->channel[1]->CCR->TCIE=COMPLETE_TRANSFER_INTERRUPT_ENABLE;
      |                    ^~
../Core/Src/DMA_program.c:38:32: error: 'COMPLETE_TRANSFER_INTERRUPT_ENABLE' undeclared (first use in this function)
   38 | DMA_REG->channel[1]->CCR->TCIE=COMPLETE_TRANSFER_INTERRUPT_ENABLE;
      |                                ^~~~~~~~~~~~~~~~~~~~~~~~~~~~~~~~~~
../Core/Src/DMA_program.c: In function 'DMA_voidChannelStart':
../Core/Src/DMA_program.c:47:36: error: invalid type argument of '->' (have 'ChannalREG')
   47 |  DMA_REG->channel[copy_u8ChannelId]->CPAR=Copy_pu32SourceAddress;
      |                                    ^~
../Core/Src/DMA_program.c:49:36: error: invalid type argument of '->' (have 'ChannalREG')
   49 |  DMA_REG->channel[copy_u8ChannelId]->CMAR=Copy_pu32DestinationAddress;
      |                                    ^~
[...]
arm-none-eabi-gcc "../Core/Src/main.c" -mcpu=cortex-m0plus -std=gnu11 -g3 -DDEBUG -DUSE_HAL_DRIVER -DSTM32C011xx -c -I../Core/Inc -I../Drivers/STM32C0xx_HAL_Driver/Inc -I../Drivers/STM32C0xx_HAL_Driver/Inc/Legacy -I../Drivers/CMSIS/Device/ST/STM32C0xx/Include -I../Drivers/CMSIS/Include -O0 -ffunction-sections -fdata-sections -Wall -fstack-usage -MMD -MP -MF"Core/Src/main.d" -MT"Core/Src/main.o" --specs=nano.specs -mfloat-abi=soft -mthumb -o "Core/Src/main.o"
../Core/Src/DMA_program.c: In function 'DMA_voidChannelStart':
../Core/Src/DMA_program.c:56:20: error: invalid type argument of '->' (have 'ChannalREG')
   56 | DMA_REG->channel[1]->CPAR=Copy_pu32SourceAddress;
      |                    ^~
make[1]: *** [Core/Src/subdir.mk:43: Core/Src/DMA_program.o] Error 1
../Core/Src/main.c:11:10: fatal error: SysTik_interface.h: No such file or directory
   11 | #include "SysTik_interface.h"
      |          ^~~~~~~~~~~~~~~~~~~~
make[1]: *** Waiting for unfinished jobs....
compilation terminated.
make[1]: *** [Core/Src/subdir.mk:43: Core/Src/main.o] Error 1
make: *** [makefile:58: all] Error 2
"make -j8 all" terminated with exit code 2. Build might be incomplete.
17:52:53 **** Incremental Build of configuration Debug for project SysTik ****
make -j8 all 
arm-none-eabi-size   SysTik.elf 
   text	   data	    bss	    dec	    hex	filename
    556	      8	   1568	   2132	    854	SysTik.elf
Finished building: default.size.stdout
 
17:53:04 **** Incremental Build of configuration Debug for project GPIO ****
make -j8 all 
arm-none-eabi-gcc "../Core/Src/DMA_program.c" -mcpu=cortex-m0plus -std=gnu11 -g3 -DDEBUG -DUSE_HAL_DRIVER -DSTM32C011xx -c -I../Core/Inc -I../Drivers/STM32C0xx_HAL_Driver/Inc -I../Drivers/STM32C0xx_HAL_Driver/Inc/Legacy -I../Drivers/CMSIS/Device/ST/STM32C0xx/Include -I../Drivers/CMSIS/Include -O0 -ffunction-sections -fdata-sections -Wall -fstack-usage -MMD -MP -MF"Core/Src/DMA_program.d" -MT"Core/Src/DMA_program.o" --specs=nano.specs -mfloat-abi=soft -mthumb -o "Core/Src/DMA_program.o"
arm-none-eabi-gcc "../Core/Src/main.c" -mcpu=cortex-m0plus -std=gnu11 -g3 -DDEBUG -DUSE_HAL_DRIVER -DSTM32C011xx -c -I../Core/Inc -I../Drivers/STM32C0xx_HAL_Driver/Inc -I../Drivers/STM32C0xx_HAL_Driver/Inc/Legacy -I../Drivers/CMSIS/Device/ST/STM32C0xx/Include -I../Drivers/CMSIS/Include -O0 -ffunction-sections -fdata-sections -Wall -fstack-usage -MMD -MP -MF"Core/Src/main.d" -MT"Core/Src/main.o" --specs=nano.specs -mfloat-abi=soft -mthumb -o "Core/Src/main.o"
../Core/Src/DMA_program.c: In function 'DMA_voidChannelStart':
../Core/Src/DMA_program.c:56:25: warning: assignment to 'u32' {aka 'volatile long unsigned int'} from 'u32 *' {aka 'long unsigned int *'} makes integer from pointer without a cast [-Wint-conversion]
   56 | DMA_REG->channel[1].CPAR=Copy_pu32SourceAddress;
      |                         ^
../Core/Src/main.c:11:10: fatal error: SysTik_interface.h: No such file or directory
   11 | #include "SysTik_interface.h"
      |          ^~~~~~~~~~~~~~~~~~~~
compilation terminated.
make[1]: *** [Core/Src/subdir.mk:43: Core/Src/main.o] Error 1
make[1]: *** Waiting for unfinished jobs....
make: *** [makefile:58: all] Error 2
"make -j8 all" terminated with exit code 2. Build might be incomplete.
17:53:05 **** Incremental Build of configuration Debug for project SysTik ****
make -j8 all 
arm-none-eabi-size   SysTik.elf 
   text	   data	    bss	    dec	    hex	filename
    556	      8	   1568	   2132	    854	SysTik.elf
Finished building: default.size.stdout
 
17:53:58 **** Incremental Build of configuration Debug for project GPIO ****
make -j8 all 
arm-none-eabi-gcc "../Core/Src/DMA_program.c" -mcpu=cortex-m0plus -std=gnu11 -g3 -DDEBUG -DUSE_HAL_DRIVER -DSTM32C011xx -c -I../Core/Inc -I../Drivers/STM32C0xx_HAL_Driver/Inc -I../Drivers/STM32C0xx_HAL_Driver/Inc/Legacy -I../Drivers/CMSIS/Device/ST/STM32C0xx/Include -I../Drivers/CMSIS/Include -O0 -ffunction-sections -fdata-sections -Wall -fstack-usage -MMD -MP -MF"Core/Src/DMA_program.d" -MT"Core/Src/DMA_program.o" --specs=nano.specs -mfloat-abi=soft -mthumb -o "Core/Src/DMA_program.o"
arm-none-eabi-gcc "../Core/Src/main.c" -mcpu=cortex-m0plus -std=gnu11 -g3 -DDEBUG -DUSE_HAL_DRIVER -DSTM32C011xx -c -I../Core/Inc -I../Drivers/STM32C0xx_HAL_Driver/Inc -I../Drivers/STM32C0xx_HAL_Driver/Inc/Legacy -I../Drivers/CMSIS/Device/ST/STM32C0xx/Include -I../Drivers/CMSIS/Include -O0 -ffunction-sections -fdata-sections -Wall -fstack-usage -MMD -MP -MF"Core/Src/main.d" -MT"Core/Src/main.o" --specs=nano.specs -mfloat-abi=soft -mthumb -o "Core/Src/main.o"
../Core/Src/DMA_program.c: In function 'DMA_voidInit':
../Core/Src/DMA_program.c:23:41: error: invalid type argument of '->' (have 'CCRBits')
   23 |  DMA_REG->channel[copy_u8ChannelId]->CCR->MEM2MEM=1;
      |                                         ^~
../Core/Src/DMA_program.c:29:40: error: invalid type argument of '->' (have 'CCRBits')
   29 | DMA_REG->channel[copy_u8ChannelId]->CCR->MSIZE=CHANNEL_MEMORY_SIZE;
      |                                        ^~
../Core/Src/DMA_program.c:30:40: error: invalid type argument of '->' (have 'CCRBits')
   30 | DMA_REG->channel[copy_u8ChannelId]->CCR->PL=CHANNEL_PRIORITY_LEVEL;
      |                                        ^~
../Core/Src/DMA_program.c:31:40: error: invalid type argument of '->' (have 'CCRBits')
   31 | DMA_REG->channel[copy_u8ChannelId]->CCR->PSIZE=CHANNEL_PERIPHERAL_SIZE;
      |                                        ^~
../Core/Src/DMA_program.c:33:40: error: invalid type argument of '->' (have 'CCRBits')
   33 | DMA_REG->channel[copy_u8ChannelId]->CCR->MINC=MEMORY_INCREMENT_MODE;
      |                                        ^~
../Core/Src/DMA_program.c:34:25: error: invalid type argument of '->' (have 'CCRBits')
   34 | DMA_REG->channel[1]->CCR->PINC=PERIPHERAL_INCREMENT_MODE;
      |                         ^~
../Core/Src/DMA_program.c:35:25: error: invalid type argument of '->' (have 'CCRBits')
   35 | DMA_REG->channel[1]->CCR->CIRC=CIRCULAR_MODE;
      |                         ^~
../Core/Src/DMA_program.c:37:25: error: invalid type argument of '->' (have 'CCRBits')
   37 | DMA_REG->channel[1]->CCR->TEIE=TRANSFER_ERROR_INTERRUPT_ENABLE;
      |                         ^~
../Core/Src/DMA_program.c:38:25: error: invalid type argument of '->' (have 'CCRBits')
   38 | DMA_REG->channel[1]->CCR->HTIE=HALF_TRANSFER_INTERRUPT_ENABLE;
      |                         ^~
../Core/Src/main.c:11:10: fatal error: SysTik_interface.h: No such file or directory
   11 | #include "SysTik_interface.h"
      |          ^~~~~~~~~~~~~~~~~~~~
../Core/Src/DMA_program.c:39:25: error: invalid type argument of '->' (have 'CCRBits')
   39 | DMA_REG->channel[1]->CCR->TCIE=COMPLETE_TRANSFER_INTERRUPT_ENABLE;
      |                         ^~
../Core/Src/DMA_program.c:39:66: error: expected expression before ';' token
   39 | DMA_REG->channel[1]->CCR->TCIE=COMPLETE_TRANSFER_INTERRUPT_ENABLE;
      |                                                                  ^
compilation terminated.
../Core/Src/DMA_program.c: In function 'DMA_voidChannelStart':
../Core/Src/DMA_program.c:48:42: warning: assignment to 'u32' {aka 'long unsigned int'} from 'u32 *' {aka 'long unsigned int *'} makes integer from pointer without a cast [-Wint-conversion]
   48 |  DMA_REG->channel[copy_u8ChannelId]->CPAR=Copy_pu32SourceAddress;
      |                                          ^
../Core/Src/DMA_program.c:50:42: warning: assignment to 'u32' {aka 'long unsigned int'} from 'u32 *' {aka 'long unsigned int *'} makes integer from pointer without a cast [-Wint-conversion]
   50 |  DMA_REG->channel[copy_u8ChannelId]->CMAR=Copy_pu32DestinationAddress;
      |                                          ^
../Core/Src/DMA_program.c:54:41: error: invalid type argument of '->' (have 'CCRBits')
   54 |  DMA_REG->channel[copy_u8ChannelId]->CCR->EN=1;
      |                                         ^~
make[1]: *** [Core/Src/subdir.mk:43: Core/Src/main.o] Error 1
make[1]: *** Waiting for unfinished jobs....
make[1]: *** [Core/Src/subdir.mk:43: Core/Src/DMA_program.o] Error 1
make: *** [makefile:58: all] Error 2
"make -j8 all" terminated with exit code 2. Build might be incomplete.
17:53:59 **** Incremental Build of configuration Debug for project SysTik ****
make -j8 all 
arm-none-eabi-size   SysTik.elf 
   text	   data	    bss	    dec	    hex	filename
    556	      8	   1568	   2132	    854	SysTik.elf
Finished building: default.size.stdout
 
17:54:17 **** Incremental Build of configuration Debug for project GPIO ****
make -j8 all 
arm-none-eabi-gcc "../Core/Src/DMA_program.c" -mcpu=cortex-m0plus -std=gnu11 -g3 -DDEBUG -DUSE_HAL_DRIVER -DSTM32C011xx -c -I../Core/Inc -I../Drivers/STM32C0xx_HAL_Driver/Inc -I../Drivers/STM32C0xx_HAL_Driver/Inc/Legacy -I../Drivers/CMSIS/Device/ST/STM32C0xx/Include -I../Drivers/CMSIS/Include -O0 -ffunction-sections -fdata-sections -Wall -fstack-usage -MMD -MP -MF"Core/Src/DMA_program.d" -MT"Core/Src/DMA_program.o" --specs=nano.specs -mfloat-abi=soft -mthumb -o "Core/Src/DMA_program.o"
arm-none-eabi-gcc "../Core/Src/main.c" -mcpu=cortex-m0plus -std=gnu11 -g3 -DDEBUG -DUSE_HAL_DRIVER -DSTM32C011xx -c -I../Core/Inc -I../Drivers/STM32C0xx_HAL_Driver/Inc -I../Drivers/STM32C0xx_HAL_Driver/Inc/Legacy -I../Drivers/CMSIS/Device/ST/STM32C0xx/Include -I../Drivers/CMSIS/Include -O0 -ffunction-sections -fdata-sections -Wall -fstack-usage -MMD -MP -MF"Core/Src/main.d" -MT"Core/Src/main.o" --specs=nano.specs -mfloat-abi=soft -mthumb -o "Core/Src/main.o"
../Core/Src/DMA_program.c: In function 'DMA_voidInit':
../Core/Src/DMA_program.c:39:66: error: expected expression before ';' token
   39 | DMA_REG->channel[1]->CCR->TCIE=COMPLETE_TRANSFER_INTERRUPT_ENABLE;
      |                                                                  ^
../Core/Src/DMA_program.c: In function 'DMA_voidChannelStart':
../Core/Src/DMA_program.c:48:42: warning: assignment to 'u32' {aka 'long unsigned int'} from 'u32 *' {aka 'long unsigned int *'} makes integer from pointer without a cast [-Wint-conversion]
   48 |  DMA_REG->channel[copy_u8ChannelId]->CPAR=Copy_pu32SourceAddress;
      |                                          ^
../Core/Src/DMA_program.c:50:42: warning: assignment to 'u32' {aka 'long unsigned int'} from 'u32 *' {aka 'long unsigned int *'} makes integer from pointer without a cast [-Wint-conversion]
   50 |  DMA_REG->channel[copy_u8ChannelId]->CMAR=Copy_pu32DestinationAddress;
      |                                          ^
../Core/Src/main.c:11:10: fatal error: SysTik_interface.h: No such file or directory
   11 | #include "SysTik_interface.h"
      |          ^~~~~~~~~~~~~~~~~~~~
compilation terminated.
make[1]: *** [Core/Src/subdir.mk:43: Core/Src/DMA_program.o] Error 1
make[1]: *** Waiting for unfinished jobs....
make[1]: *** [Core/Src/subdir.mk:43: Core/Src/main.o] Error 1
make: *** [makefile:58: all] Error 2
"make -j8 all" terminated with exit code 2. Build might be incomplete.
17:54:18 **** Incremental Build of configuration Debug for project SysTik ****
make -j8 all 
arm-none-eabi-size   SysTik.elf 
   text	   data	    bss	    dec	    hex	filename
    556	      8	   1568	   2132	    854	SysTik.elf
Finished building: default.size.stdout
 
17:54:54 **** Incremental Build of configuration Debug for project GPIO ****
make -j8 all 
arm-none-eabi-gcc "../Core/Src/DMA_program.c" -mcpu=cortex-m0plus -std=gnu11 -g3 -DDEBUG -DUSE_HAL_DRIVER -DSTM32C011xx -c -I../Core/Inc -I../Drivers/STM32C0xx_HAL_Driver/Inc -I../Drivers/STM32C0xx_HAL_Driver/Inc/Legacy -I../Drivers/CMSIS/Device/ST/STM32C0xx/Include -I../Drivers/CMSIS/Include -O0 -ffunction-sections -fdata-sections -Wall -fstack-usage -MMD -MP -MF"Core/Src/DMA_program.d" -MT"Core/Src/DMA_program.o" --specs=nano.specs -mfloat-abi=soft -mthumb -o "Core/Src/DMA_program.o"
arm-none-eabi-gcc "../Core/Src/main.c" -mcpu=cortex-m0plus -std=gnu11 -g3 -DDEBUG -DUSE_HAL_DRIVER -DSTM32C011xx -c -I../Core/Inc -I../Drivers/STM32C0xx_HAL_Driver/Inc -I../Drivers/STM32C0xx_HAL_Driver/Inc/Legacy -I../Drivers/CMSIS/Device/ST/STM32C0xx/Include -I../Drivers/CMSIS/Include -O0 -ffunction-sections -fdata-sections -Wall -fstack-usage -MMD -MP -MF"Core/Src/main.d" -MT"Core/Src/main.o" --specs=nano.specs -mfloat-abi=soft -mthumb -o "Core/Src/main.o"
../Core/Src/DMA_program.c: In function 'DMA_voidInit':
../Core/Src/DMA_program.c:39:66: error: expected expression before ';' token
   39 | DMA_REG->channel[1]->CCR->TCIE=COMPLETE_TRANSFER_INTERRUPT_ENABLE;
      |                                                                  ^
../Core/Src/DMA_program.c: In function 'DMA_voidChannelStart':
../Core/Src/DMA_program.c:48:42: warning: assignment to 'u32' {aka 'long unsigned int'} from 'u32 *' {aka 'long unsigned int *'} makes integer from pointer without a cast [-Wint-conversion]
   48 |  DMA_REG->channel[copy_u8ChannelId]->CPAR=Copy_pu32SourceAddress;
      |                                          ^
../Core/Src/DMA_program.c:50:42: warning: assignment to 'u32' {aka 'long unsigned int'} from 'u32 *' {aka 'long unsigned int *'} makes integer from pointer without a cast [-Wint-conversion]
   50 |  DMA_REG->channel[copy_u8ChannelId]->CMAR=Copy_pu32DestinationAddress;
      |                                          ^
../Core/Src/main.c:18:6: warning: return type of 'main' is not 'int' [-Wmain]
   18 | void main(void)
      |      ^~~~
make[1]: *** [Core/Src/subdir.mk:43: Core/Src/DMA_program.o] Error 1
make[1]: *** Waiting for unfinished jobs....
make: *** [makefile:58: all] Error 2
"make -j8 all" terminated with exit code 2. Build might be incomplete.
17:54:54 **** Incremental Build of configuration Debug for project SysTik ****
make -j8 all 
arm-none-eabi-size   SysTik.elf 
   text	   data	    bss	    dec	    hex	filename
    556	      8	   1568	   2132	    854	SysTik.elf
Finished building: default.size.stdout
 
17:55:19 **** Incremental Build of configuration Debug for project GPIO ****
make -j8 all 
arm-none-eabi-gcc "../Core/Src/DMA_program.c" -mcpu=cortex-m0plus -std=gnu11 -g3 -DDEBUG -DUSE_HAL_DRIVER -DSTM32C011xx -c -I../Core/Inc -I../Drivers/STM32C0xx_HAL_Driver/Inc -I../Drivers/STM32C0xx_HAL_Driver/Inc/Legacy -I../Drivers/CMSIS/Device/ST/STM32C0xx/Include -I../Drivers/CMSIS/Include -O0 -ffunction-sections -fdata-sections -Wall -fstack-usage -MMD -MP -MF"Core/Src/DMA_program.d" -MT"Core/Src/DMA_program.o" --specs=nano.specs -mfloat-abi=soft -mthumb -o "Core/Src/DMA_program.o"
../Core/Src/DMA_program.c: In function 'DMA_voidInit':
../Core/Src/DMA_program.c:39:66: error: expected expression before ';' token
   39 | DMA_REG->channel[1]->CCR->TCIE=COMPLETE_TRANSFER_INTERRUPT_ENABLE;
      |                                                                  ^
../Core/Src/DMA_program.c: In function 'DMA_voidChannelStart':
../Core/Src/DMA_program.c:48:42: warning: assignment to 'u32' {aka 'long unsigned int'} from 'u32 *' {aka 'long unsigned int *'} makes integer from pointer without a cast [-Wint-conversion]
   48 |  DMA_REG->channel[copy_u8ChannelId]->CPAR=Copy_pu32SourceAddress;
      |                                          ^
../Core/Src/DMA_program.c:50:42: warning: assignment to 'u32' {aka 'long unsigned int'} from 'u32 *' {aka 'long unsigned int *'} makes integer from pointer without a cast [-Wint-conversion]
   50 |  DMA_REG->channel[copy_u8ChannelId]->CMAR=Copy_pu32DestinationAddress;
      |                                          ^
make[1]: *** [Core/Src/subdir.mk:43: Core/Src/DMA_program.o] Error 1
make: *** [makefile:58: all] Error 2
"make -j8 all" terminated with exit code 2. Build might be incomplete.
17:55:19 **** Incremental Build of configuration Debug for project SysTik ****
make -j8 all 
arm-none-eabi-size   SysTik.elf 
   text	   data	    bss	    dec	    hex	filename
    556	      8	   1568	   2132	    854	SysTik.elf
Finished building: default.size.stdout
 
17:55:38 **** Incremental Build of configuration Debug for project GPIO ****
make -j8 all 
arm-none-eabi-gcc "../Core/Src/DMA_program.c" -mcpu=cortex-m0plus -std=gnu11 -g3 -DDEBUG -DUSE_HAL_DRIVER -DSTM32C011xx -c -I../Core/Inc -I../Drivers/STM32C0xx_HAL_Driver/Inc -I../Drivers/STM32C0xx_HAL_Driver/Inc/Legacy -I../Drivers/CMSIS/Device/ST/STM32C0xx/Include -I../Drivers/CMSIS/Include -O0 -ffunction-sections -fdata-sections -Wall -fstack-usage -MMD -MP -MF"Core/Src/DMA_program.d" -MT"Core/Src/DMA_program.o" --specs=nano.specs -mfloat-abi=soft -mthumb -o "Core/Src/DMA_program.o"
../Core/Src/DMA_program.c: In function 'DMA_voidChannelStart':
../Core/Src/DMA_program.c:48:42: warning: assignment to 'u32' {aka 'long unsigned int'} from 'u32 *' {aka 'long unsigned int *'} makes integer from pointer without a cast [-Wint-conversion]
   48 |  DMA_REG->channel[copy_u8ChannelId]->CPAR=Copy_pu32SourceAddress;
      |                                          ^
../Core/Src/DMA_program.c:50:42: warning: assignment to 'u32' {aka 'long unsigned int'} from 'u32 *' {aka 'long unsigned int *'} makes integer from pointer without a cast [-Wint-conversion]
   50 |  DMA_REG->channel[copy_u8ChannelId]->CMAR=Copy_pu32DestinationAddress;
      |                                          ^
arm-none-eabi-gcc -o "GPIO.elf" @"objects.list"   -mcpu=cortex-m0plus -T"D:\Personal\Embedded system\NTI\ARM_drivers\GPIO\STM32C011D6YX_FLASH.ld" --specs=nosys.specs -Wl,-Map="GPIO.map" -Wl,--gc-sections -static --specs=nano.specs -mfloat-abi=soft -mthumb -Wl,--start-group -lc -lm -Wl,--end-group
Finished building target: GPIO.elf
 
arm-none-eabi-size   GPIO.elf 
arm-none-eabi-objdump -h -S  GPIO.elf  > "GPIO.list"
   text	   data	    bss	    dec	    hex	filename
   1788	     12	   1572	   3372	    d2c	GPIO.elf
Finished building: default.size.stdout
 
Finished building: GPIO.list
 
arm-none-eabi-objcopy -O ihex GPIO.elf GPIO.hex
 
17:55:39 **** Incremental Build of configuration Debug for project SysTik ****
make -j8 all 
arm-none-eabi-size   SysTik.elf 
   text	   data	    bss	    dec	    hex	filename
    556	      8	   1568	   2132	    854	SysTik.elf
Finished building: default.size.stdout
 
17:58:03 **** Incremental Build of configuration Debug for project GPIO ****
make -j8 all 
arm-none-eabi-size   GPIO.elf 
   text	   data	    bss	    dec	    hex	filename
   1788	     12	   1572	   3372	    d2c	GPIO.elf
Finished building: default.size.stdout
 
arm-none-eabi-objcopy -O ihex GPIO.elf GPIO.hex
 
17:59:53 **** Incremental Build of configuration Debug for project GPIO ****
make -j8 all 
arm-none-eabi-gcc "../Core/Src/main.c" -mcpu=cortex-m0plus -std=gnu11 -g3 -DDEBUG -DUSE_HAL_DRIVER -DSTM32C011xx -c -I../Core/Inc -I../Drivers/STM32C0xx_HAL_Driver/Inc -I../Drivers/STM32C0xx_HAL_Driver/Inc/Legacy -I../Drivers/CMSIS/Device/ST/STM32C0xx/Include -I../Drivers/CMSIS/Include -O0 -ffunction-sections -fdata-sections -Wall -fstack-usage -MMD -MP -MF"Core/Src/main.d" -MT"Core/Src/main.o" --specs=nano.specs -mfloat-abi=soft -mthumb -o "Core/Src/main.o"
../Core/Src/main.c:18:6: warning: return type of 'main' is not 'int' [-Wmain]
   18 | void main(void)
      |      ^~~~
arm-none-eabi-gcc -o "GPIO.elf" @"objects.list"   -mcpu=cortex-m0plus -T"D:\Personal\Embedded system\NTI\ARM_drivers\GPIO\STM32C011D6YX_FLASH.ld" --specs=nosys.specs -Wl,-Map="GPIO.map" -Wl,--gc-sections -static --specs=nano.specs -mfloat-abi=soft -mthumb -Wl,--start-group -lc -lm -Wl,--end-group
Finished building target: GPIO.elf
 
arm-none-eabi-size   GPIO.elf 
arm-none-eabi-objdump -h -S  GPIO.elf  > "GPIO.list"
   text	   data	    bss	    dec	    hex	filename
   1788	     12	   1572	   3372	    d2c	GPIO.elf
Finished building: default.size.stdout
 
Finished building: GPIO.list
 
arm-none-eabi-objcopy -O ihex GPIO.elf GPIO.hex
 
