17:59:53 **** Incremental Build of configuration Debug for project GPIO ****
make -j8 all 
arm-none-eabi-gcc "../Core/Src/main.c" -mcpu=cortex-m0plus -std=gnu11 -g3 -DDEBUG -DUSE_HAL_DRIVER -DSTM32C011xx -c -I../Core/Inc -I../Drivers/STM32C0xx_HAL_Driver/Inc -I../Drivers/STM32C0xx_HAL_Driver/Inc/Legacy -I../Drivers/CMSIS/Device/ST/STM32C0xx/Include -I../Drivers/CMSIS/Include -O0 -ffunction-sections -fdata-sections -Wall -fstack-usage -MMD -MP -MF"Core/Src/main.d" -MT"Core/Src/main.o" --specs=nano.specs -mfloat-abi=soft -mthumb -o "Core/Src/main.o"
../Core/Src/main.c:18:6: warning: return type of 'main' is not 'int' [-Wmain]
   18 | void main(void)
      |      ^~~~
arm-none-eabi-gcc -o "GPIO.elf" @"objects.list"   -mcpu=cortex-m0plus -T"D:\Personal\Embedded system\NTI\ARM_drivers\GPIO\STM32C011D6YX_FLASH.ld" --specs=nosys.specs -Wl,-Map="GPIO.map" -Wl,--gc-sections -static --specs=nano.specs -mfloat-abi=soft -mthumb -Wl,--start-group -lc -lm -Wl,--end-group
Finished building target: GPIO.elf
 
arm-none-eabi-size   GPIO.elf 
arm-none-eabi-objdump -h -S  GPIO.elf  > "GPIO.list"
   text	   data	    bss	    dec	    hex	filename
   1788	     12	   1572	   3372	    d2c	GPIO.elf
Finished building: default.size.stdout
 
Finished building: GPIO.list
 
arm-none-eabi-objcopy -O ihex GPIO.elf GPIO.hex
 

17:59:54 Build Finished. 0 errors, 1 warnings. (took 879ms)

